Component: ARM Compiler 5.06 update 7 (build 960) Tool: armlink [4d3601]

==============================================================================

Section Cross References

    ds18b20.o(i.DS18B20_CheckA) refers to tim.o(i.delay_us) for delay_us
    ds18b20.o(i.DS18B20_Get_TempA) refers to ds18b20.o(i.DS18B20_StartA) for DS18B20_StartA
    ds18b20.o(i.DS18B20_Get_TempA) refers to ds18b20.o(i.DS18B20_RstA) for DS18B20_RstA
    ds18b20.o(i.DS18B20_Get_TempA) refers to ds18b20.o(i.DS18B20_CheckA) for DS18B20_CheckA
    ds18b20.o(i.DS18B20_Get_TempA) refers to ds18b20.o(i.DS18B20_Write_ByteA) for DS18B20_Write_ByteA
    ds18b20.o(i.DS18B20_Get_TempA) refers to ds18b20.o(i.DS18B20_Read_ByteA) for DS18B20_Read_ByteA
    ds18b20.o(i.DS18B20_Get_TempA) refers to fflti.o(.text) for __aeabi_i2f
    ds18b20.o(i.DS18B20_Get_TempA) refers to f2d.o(.text) for __aeabi_f2d
    ds18b20.o(i.DS18B20_Get_TempA) refers to dmul.o(.text) for __aeabi_dmul
    ds18b20.o(i.DS18B20_Get_TempA) refers to dfixi.o(.text) for __aeabi_d2iz
    ds18b20.o(i.DS18B20_Get_TempA) refers to dflti.o(.text) for __aeabi_i2d
    ds18b20.o(i.DS18B20_InitA) refers to stm32f1xx_hal_gpio.o(i.HAL_GPIO_Init) for HAL_GPIO_Init
    ds18b20.o(i.DS18B20_InitA) refers to stm32f1xx_hal_gpio.o(i.HAL_GPIO_WritePin) for HAL_GPIO_WritePin
    ds18b20.o(i.DS18B20_InitA) refers to ds18b20.o(i.DS18B20_RstA) for DS18B20_RstA
    ds18b20.o(i.DS18B20_InitA) refers to ds18b20.o(i.DS18B20_CheckA) for DS18B20_CheckA
    ds18b20.o(i.DS18B20_Read_BitA) refers to tim.o(i.delay_us) for delay_us
    ds18b20.o(i.DS18B20_Read_ByteA) refers to ds18b20.o(i.DS18B20_Read_BitA) for DS18B20_Read_BitA
    ds18b20.o(i.DS18B20_RstA) refers to tim.o(i.delay_us) for delay_us
    ds18b20.o(i.DS18B20_RstA) refers to stm32f1xx_hal_gpio.o(i.HAL_GPIO_WritePin) for HAL_GPIO_WritePin
    ds18b20.o(i.DS18B20_StartA) refers to ds18b20.o(i.DS18B20_RstA) for DS18B20_RstA
    ds18b20.o(i.DS18B20_StartA) refers to ds18b20.o(i.DS18B20_CheckA) for DS18B20_CheckA
    ds18b20.o(i.DS18B20_StartA) refers to ds18b20.o(i.DS18B20_Write_ByteA) for DS18B20_Write_ByteA
    ds18b20.o(i.DS18B20_Write_ByteA) refers to tim.o(i.delay_us) for delay_us
    main.o(i.HAL_TIM_PeriodElapsedCallback) refers to main.o(i.TaskRemarks) for TaskRemarks
    main.o(i.HAL_TIM_PeriodElapsedCallback) refers to tim.o(.bss) for htim2
    main.o(i.HAL_TIM_PeriodElapsedCallback) refers to main.o(.data) for temperature_counter
    main.o(i.Initialize_function) refers to stm32f1xx_hal_gpio.o(i.HAL_GPIO_WritePin) for HAL_GPIO_WritePin
    main.o(i.Initialize_function) refers to tim.o(i.TIM_SetCompare3) for TIM_SetCompare3
    main.o(i.Initialize_function) refers to main.o(.data) for PWM_VAL
    main.o(i.SystemClock_Config) refers to memseta.o(.text) for __aeabi_memclr4
    main.o(i.SystemClock_Config) refers to stm32f1xx_hal_rcc.o(i.HAL_RCC_OscConfig) for HAL_RCC_OscConfig
    main.o(i.SystemClock_Config) refers to main.o(i.Error_Handler) for Error_Handler
    main.o(i.SystemClock_Config) refers to stm32f1xx_hal_rcc.o(i.HAL_RCC_ClockConfig) for HAL_RCC_ClockConfig
    main.o(i.SystemClock_Config) refers to stm32f1xx_hal_rcc_ex.o(i.HAL_RCCEx_PeriphCLKConfig) for HAL_RCCEx_PeriphCLKConfig
    main.o(i.TaskProcess) refers to main.o(.data) for TaskComps
    main.o(i.TaskRemarks) refers to main.o(.data) for TaskComps
    main.o(i.Task_Exhaust_valves_control) refers to stm32f1xx_hal_gpio.o(i.HAL_GPIO_WritePin) for HAL_GPIO_WritePin
    main.o(i.Task_Exhaust_valves_control) refers to main.o(.data) for FC_Start_flag
    main.o(i.Task_Exhaust_valves_count) refers to main.o(.data) for Exhaust_interval_Normal_counter
    main.o(i.Task_Fan_PWM) refers to tim.o(i.TIM_SetCompare3) for TIM_SetCompare3
    main.o(i.Task_Fan_PWM) refers to main.o(.data) for PWM_VAL
    main.o(i.Task_NTC_temp) refers to main.o(i.recurbinary) for recurbinary
    main.o(i.Task_NTC_temp) refers to main.o(.data) for ntc_R
    main.o(i.Task_USART1_Respond) refers to main.o(i.USART1_Parameters_Send) for USART1_Parameters_Send
    main.o(i.Task_USART1_Respond) refers to main.o(i.get_rec_data) for get_rec_data
    main.o(i.Task_USART1_Respond) refers to memseta.o(.text) for __aeabi_memclr
    main.o(i.Task_USART1_Respond) refers to main.o(.data) for Uart_ReceiveData_flag
    main.o(i.Task_USART1_Respond) refers to main.o(.bss) for USART1_REC_BUF
    main.o(i.Task_environment_temperature) refers to ds18b20.o(i.DS18B20_Get_TempA) for DS18B20_Get_TempA
    main.o(i.Task_environment_temperature) refers to fflti.o(.text) for __aeabi_i2f
    main.o(i.Task_environment_temperature) refers to main.o(.data) for environment_temperature
    main.o(i.USART1_Parameters_Send) refers to ffixui.o(.text) for __aeabi_f2uiz
    main.o(i.USART1_Parameters_Send) refers to main.o(i.crc16_calc) for crc16_calc
    main.o(i.USART1_Parameters_Send) refers to stm32f1xx_hal_uart.o(i.HAL_UART_Transmit) for HAL_UART_Transmit
    main.o(i.USART1_Parameters_Send) refers to main.o(.data) for temperature
[...]
    Removing stm32f1xx_hal_uart.o(i.UART_DMARxHalfCplt), (30 bytes).
    Removing stm32f1xx_hal_uart.o(i.UART_DMARxOnlyAbortCallback), (22 bytes).
    Removing stm32f1xx_hal_uart.o(i.UART_DMATransmitCplt), (68 bytes).
    Removing stm32f1xx_hal_uart.o(i.UART_DMATxAbortCallback), (46 bytes).
    Removing stm32f1xx_hal_uart.o(i.UART_DMATxHalfCplt), (10 bytes).
    Removing stm32f1xx_hal_uart.o(i.UART_DMATxOnlyAbortCallback), (20 bytes).
    Removing stm32f1xx_hal_uart.o(i.UART_EndTxTransfer), (28 bytes).
    Removing stm32f1xx_hal_uart.o(i.UART_Start_Receive_DMA), (160 bytes).

522 unused section(s) (total 39380 bytes) removed from the image.

==============================================================================

Image Symbol Table

    Local Symbols

    Symbol Name                              Value     Ov Type        Size  Object(Section)

    ../Drivers/STM32F1xx_HAL_Driver/Src/stm32f1xx_hal.c 0x00000000   Number         0  stm32f1xx_hal.o ABSOLUTE
    ../Drivers/STM32F1xx_HAL_Driver/Src/stm32f1xx_hal_adc.c 0x00000000   Number         0  stm32f1xx_hal_adc.o ABSOLUTE
    ../Drivers/STM32F1xx_HAL_Driver/Src/stm32f1xx_hal_adc_ex.c 0x00000000   Number         0  stm32f1xx_hal_adc_ex.o ABSOLUTE
    ../Drivers/STM32F1xx_HAL_Driver/Src/stm32f1xx_hal_can.c 0x00000000   Number         0  stm32f1xx_hal_can.o ABSOLUTE
    ../Drivers/STM32F1xx_HAL_Driver/Src/stm32f1xx_hal_cortex.c 0x00000000   Number         0  stm32f1xx_hal_cortex.o ABSOLUTE
    ../Drivers/STM32F1xx_HAL_Driver/Src/stm32f1xx_hal_dma.c 0x00000000   Number         0  stm32f1xx_hal_dma.o ABSOLUTE
    ../Drivers/STM32F1xx_HAL_Driver/Src/stm32f1xx_hal_exti.c 0x00000000   Number         0  stm32f1xx_hal_exti.o ABSOLUTE
    ../Drivers/STM32F1xx_HAL_Driver/Src/stm32f1xx_hal_flash.c 0x00000000   Number         0  stm32f1xx_hal_flash.o ABSOLUTE
    ../Drivers/STM32F1xx_HAL_Driver/Src/stm32f1xx_hal_flash_ex.c 0x00000000   Number         0  stm32f1xx_hal_flash_ex.o ABSOLUTE
    ../Drivers/STM32F1xx_HAL_Driver/Src/stm32f1xx_hal_gpio.c 0x00000000   Number         0  stm32f1xx_hal_gpio.o ABSOLUTE
    ../Drivers/STM32F1xx_HAL_Driver/Src/stm32f1xx_hal_gpio_ex.c 0x00000000   Number         0  stm32f1xx_hal_gpio_ex.o ABSOLUTE
    ../Drivers/STM32F1xx_HAL_Driver/Src/stm32f1xx_hal_pwr.c 0x00000000   Number         0  stm32f1xx_hal_pwr.o ABSOLUTE
    ../Drivers/STM32F1xx_HAL_Driver/Src/stm32f1xx_hal_rcc.c 0x00000000   Number         0  stm32f1xx_hal_rcc.o ABSOLUTE
    ../Drivers/STM32F1xx_HAL_Driver/Src/stm32f1xx_hal_rcc_ex.c 0x00000000   Number         0  stm32f1xx_hal_rcc_ex.o ABSOLUTE
    ../Drivers/STM32F1xx_HAL_Driver/Src/stm32f1xx_hal_spi.c 0x00000000   Number         0  stm32f1xx_hal_spi.o ABSOLUTE
    ../Drivers/STM32F1xx_HAL_Driver/Src/stm32f1xx_hal_tim.c 0x00000000   Number         0  stm32f1xx_hal_tim.o ABSOLUTE
    ../Drivers/STM32F1xx_HAL_Driver/Src/stm32f1xx_hal_tim_ex.c 0x00000000   Number         0  stm32f1xx_hal_tim_ex.o ABSOLUTE
    ../Drivers/STM32F1xx_HAL_Driver/Src/stm32f1xx_hal_uart.c 0x00000000   Number         0  stm32f1xx_hal_uart.o ABSOLUTE
    ../Src/adc.c                             0x00000000   Number         0  adc.o ABSOLUTE
    ../Src/can.c                             0x00000000   Number         0  can.o ABSOLUTE
    ../Src/gpio.c                            0x00000000   Number         0  gpio.o ABSOLUTE
    ../Src/main.c                            0x00000000   Number         0  main.o ABSOLUTE
    ../Src/spi.c                             0x00000000   Number         0  spi.o ABSOLUTE
    ../Src/stm32f1xx_hal_msp.c               0x00000000   Number         0  stm32f1xx_hal_msp.o ABSOLUTE
    ../Src/stm32f1xx_it.c                    0x00000000   Number         0  stm32f1xx_it.o ABSOLUTE
    ../Src/system_stm32f1xx.c                0x00000000   Number         0  system_stm32f1xx.o ABSOLUTE
    ../Src/tim.c                             0x00000000   Number         0  tim.o ABSOLUTE
    ../Src/usart.c                           0x00000000   Number         0  usart.o ABSOLUTE
    ../clib/../cmprslib/zerorunl2.c          0x00000000   Number         0  __dczerorl2.o ABSOLUTE
    ../clib/microlib/init/entry.s            0x00000000   Number         0  entry5.o ABSOLUTE
    ../clib/microlib/init/entry.s            0x00000000   Number         0  entry10a.o ABSOLUTE
    ../clib/microlib/init/entry.s            0x00000000   Number         0  entry12a.o ABSOLUTE
    ../clib/microlib/init/entry.s            0x00000000   Number         0  entry9a.o ABSOLUTE
    ../clib/microlib/init/entry.s            0x00000000   Number         0  entry12b.o ABSOLUTE
    ../clib/microlib/init/entry.s            0x00000000   Number         0  entry8b.o ABSOLUTE
    ../clib/microlib/init/entry.s            0x00000000   Number         0  entry8a.o ABSOLUTE
    ../clib/microlib/init/entry.s            0x00000000   Number         0  entry7b.o ABSOLUTE
    ../clib/microlib/init/entry.s            0x00000000   Number         0  entry7a.o ABSOLUTE
    ../clib/microlib/init/entry.s            0x00000000   Number         0  entry10b.o ABSOLUTE
    ../clib/microlib/init/entry.s            0x00000000   Number         0  entry9b.o ABSOLUTE
    ../clib/microlib/init/entry.s            0x00000000   Number         0  entry11b.o ABSOLUTE
    ../clib/microlib/init/entry.s            0x00000000   Number         0  entry2.o ABSOLUTE
    ../clib/microlib/init/entry.s            0x00000000   Number         0  entry11a.o ABSOLUTE
    ../clib/microlib/init/entry.s            0x00000000   Number         0  entry.o ABSOLUTE
    ../clib/microlib/longlong.c              0x00000000   Number         0  llsshr.o ABSOLUTE
    ../clib/microlib/longlong.c              0x00000000   Number         0  llushr.o ABSOLUTE
    ../clib/microlib/longlong.c              0x00000000   Number         0  llshl.o ABSOLUTE
    ../clib/microlib/malloc/malloc.c         0x00000000   Number         0  malloc.o ABSOLUTE
    ../clib/microlib/malloc/malloc.c         0x00000000   Number         0  mallocra.o ABSOLUTE
    ../clib/microlib/malloc/malloc.c         0x00000000   Number         0  malloca.o ABSOLUTE
    ../clib/microlib/malloc/malloc.c         0x00000000   Number         0  mallocr.o ABSOLUTE
    ../clib/microlib/malloc/mvars.c          0x00000000   Number         0  mvars.o ABSOLUTE
    ../clib/microlib/string/memcpy.c         0x00000000   Number         0  memcpya.o ABSOLUTE
    ../clib/microlib/string/memcpy.c         0x00000000   Number         0  memcpyb.o ABSOLUTE
    ../clib/microlib/string/memset.c         0x00000000   Number         0  memseta.o ABSOLUTE
    ../clib/microlib/stubs.s                 0x00000000   Number         0  iusefp.o ABSOLUTE
    ../fplib/microlib/d2f.c                  0x00000000   Number         0  d2f.o ABSOLUTE
    ../fplib/microlib/f2d.c                  0x00000000   Number         0  f2d.o ABSOLUTE
    ../fplib/microlib/fpadd.c                0x00000000   Number         0  dadd.o ABSOLUTE
    ../fplib/microlib/fpadd.c                0x00000000   Number         0  fadd.o ABSOLUTE
    ../fplib/microlib/fpdiv.c                0x00000000   Number         0  ddiv.o ABSOLUTE
    ../fplib/microlib/fpdiv.c                0x00000000   Number         0  fdiv.o ABSOLUTE
    ../fplib/microlib/fpepilogue.c           0x00000000   Number         0  fepilogue.o ABSOLUTE
    ../fplib/microlib/fpepilogue.c           0x00000000   Number         0  depilogue.o ABSOLUTE
    ../fplib/microlib/fpfix.c                0x00000000   Number         0  dfixui.o ABSOLUTE
    ../fplib/microlib/fpfix.c                0x00000000   Number         0  ffixui.o ABSOLUTE
    ../fplib/microlib/fpfix.c                0x00000000   Number         0  dfixi.o ABSOLUTE
    ../fplib/microlib/fpflt.c                0x00000000   Number         0  dfltui.o ABSOLUTE
    ../fplib/microlib/fpflt.c                0x00000000   Number         0  dflti.o ABSOLUTE
    ../fplib/microlib/fpflt.c                0x00000000   Number         0  ffltui.o ABSOLUTE
    ../fplib/microlib/fpflt.c                0x00000000   Number         0  fflti.o ABSOLUTE
    ../fplib/microlib/fpmul.c                0x00000000   Number         0  dmul.o ABSOLUTE
    ../fplib/microlib/fpmul.c                0x00000000   Number         0  fmul.o ABSOLUTE
    ..\Drivers\STM32F1xx_HAL_Driver\Src\stm32f1xx_hal.c 0x00000000   Number         0  stm32f1xx_hal.o ABSOLUTE
    ..\Drivers\STM32F1xx_HAL_Driver\Src\stm32f1xx_hal_adc.c 0x00000000   Number         0  stm32f1xx_hal_adc.o ABSOLUTE
    ..\Drivers\STM32F1xx_HAL_Driver\Src\stm32f1xx_hal_adc_ex.c 0x00000000   Number         0  stm32f1xx_hal_adc_ex.o ABSOLUTE
    ..\Drivers\STM32F1xx_HAL_Driver\Src\stm32f1xx_hal_can.c 0x00000000   Number         0  stm32f1xx_hal_can.o ABSOLUTE
    ..\Drivers\STM32F1xx_HAL_Driver\Src\stm32f1xx_hal_cortex.c 0x00000000   Number         0  stm32f1xx_hal_cortex.o ABSOLUTE
    ..\Drivers\STM32F1xx_HAL_Driver\Src\stm32f1xx_hal_dma.c 0x00000000   Number         0  stm32f1xx_hal_dma.o ABSOLUTE
    ..\Drivers\STM32F1xx_HAL_Driver\Src\stm32f1xx_hal_exti.c 0x00000000   Number         0  stm32f1xx_hal_exti.o ABSOLUTE
    ..\Drivers\STM32F1xx_HAL_Driver\Src\stm32f1xx_hal_flash.c 0x00000000   Number         0  stm32f1xx_hal_flash.o ABSOLUTE
    ..\Drivers\STM32F1xx_HAL_Driver\Src\stm32f1xx_hal_flash_ex.c 0x00000000   Number         0  stm32f1xx_hal_flash_ex.o ABSOLUTE
    ..\Drivers\STM32F1xx_HAL_Driver\Src\stm32f1xx_hal_gpio.c 0x00000000   Number         0  stm32f1xx_hal_gpio.o ABSOLUTE
    ..\Drivers\STM32F1xx_HAL_Driver\Src\stm32f1xx_hal_gpio_ex.c 0x00000000   Number         0  stm32f1xx_hal_gpio_ex.o ABSOLUTE
    ..\Drivers\STM32F1xx_HAL_Driver\Src\stm32f1xx_hal_pwr.c 0x00000000   Number         0  stm32f1xx_hal_pwr.o ABSOLUTE
    ..\Drivers\STM32F1xx_HAL_Driver\Src\stm32f1xx_hal_rcc.c 0x00000000   Number         0  stm32f1xx_hal_rcc.o ABSOLUTE
    ..\Drivers\STM32F1xx_HAL_Driver\Src\stm32f1xx_hal_rcc_ex.c 0x00000000   Number         0  stm32f1xx_hal_rcc_ex.o ABSOLUTE
    ..\Drivers\STM32F1xx_HAL_Driver\Src\stm32f1xx_hal_spi.c 0x00000000   Number         0  stm32f1xx_hal_spi.o ABSOLUTE
    ..\Drivers\STM32F1xx_HAL_Driver\Src\stm32f1xx_hal_tim.c 0x00000000   Number         0  stm32f1xx_hal_tim.o ABSOLUTE
    ..\Drivers\STM32F1xx_HAL_Driver\Src\stm32f1xx_hal_tim_ex.c 0x00000000   Number         0  stm32f1xx_hal_tim_ex.o ABSOLUTE
    ..\Drivers\STM32F1xx_HAL_Driver\Src\stm32f1xx_hal_uart.c 0x00000000   Number         0  stm32f1xx_hal_uart.o ABSOLUTE
    ..\Src\adc.c                             0x00000000   Number         0  adc.o ABSOLUTE
    ..\Src\can.c                             0x00000000   Number         0  can.o ABSOLUTE
    ..\Src\ds18b20.c                         0x00000000   Number         0  ds18b20.o ABSOLUTE
    ..\Src\gpio.c                            0x00000000   Number         0  gpio.o ABSOLUTE
    ..\Src\main.c                            0x00000000   Number         0  main.o ABSOLUTE
    ..\Src\spi.c                             0x00000000   Number         0  spi.o ABSOLUTE
    ..\Src\stm32f1xx_hal_msp.c               0x00000000   Number         0  stm32f1xx_hal_msp.o ABSOLUTE
    ..\Src\stm32f1xx_it.c                    0x00000000   Number         0  stm32f1xx_it.o ABSOLUTE
    ..\Src\system_stm32f1xx.c                0x00000000   Number         0  system_stm32f1xx.o ABSOLUTE
    ..\Src\tim.c                             0x00000000   Number         0  tim.o ABSOLUTE
    ..\Src\usart.c                           0x00000000   Number         0  usart.o ABSOLUTE
    ..\\Src\\ds18b20.c                       0x00000000   Number         0  ds18b20.o ABSOLUTE
    cdrcmple.s                               0x00000000   Number         0  cdrcmple.o ABSOLUTE
    cfcmple.s                                0x00000000   Number         0  cfcmple.o ABSOLUTE
    cfrcmple.s                               0x00000000   Number         0  cfrcmple.o ABSOLUTE
    dc.s                                     0x00000000   Number         0  dc.o ABSOLUTE
    handlers.s                               0x00000000   Number         0  handlers.o ABSOLUTE
    init.s                                   0x00000000   Number         0  init.o ABSOLUTE
    startup_stm32f103xb.s                    0x00000000   Number         0  startup_stm32f103xb.o ABSOLUTE
    RESET                                    0x08000000   Section      236  startup_stm32f103xb.o(RESET)
    .ARM.Collect$$$$00000000                 0x080000ec   Section        0  entry.o(.ARM.Collect$$$$00000000)
    .ARM.Collect$$$$00000001                 0x080000ec   Section        4  entry2.o(.ARM.Collect$$$$00000001)
    .ARM.Collect$$$$00000004                 0x080000f0   Section        4  entry5.o(.ARM.Collect$$$$00000004)
    .ARM.Collect$$$$00000008                 0x080000f4   Section        0  entry7b.o(.ARM.Collect$$$$00000008)
    .ARM.Collect$$$$0000000A                 0x080000f4   Section        0  entry8b.o(.ARM.Collect$$$$0000000A)
    .ARM.Collect$$$$0000000B                 0x080000f4   Section        8  entry9a.o(.ARM.Collect$$$$0000000B)
    .ARM.Collect$$$$0000000E                 0x080000fc   Section        4  entry12b.o(.ARM.Collect$$$$0000000E)
    .ARM.Collect$$$$0000000F                 0x08000100   Section        0  entry10a.o(.ARM.Collect$$$$0000000F)
    .ARM.Collect$$$$00000011                 0x08000100   Section        0  entry11a.o(.ARM.Collect$$$$00000011)
    .ARM.Collect$$$$00002712                 0x08000100   Section        4  entry2.o(.ARM.Collect$$$$00002712)
    __lit__00000000                          0x08000100   Data           4  entry2.o(.ARM.Collect$$$$00002712)
    .text                                    0x08000104   Section       36  startup_stm32f103xb.o(.text)
    .text                                    0x08000128   Section        0  llushr.o(.text)
    .text                                    0x08000148   Section        0  memseta.o(.text)
    .text                                    0x0800016c   Section        0  fadd.o(.text)
    .text                                    0x0800021c   Section        0  fmul.o(.text)
    .text                                    0x08000280   Section        0  fdiv.o(.text)
    .text                                    0x080002fc   Section        0  dadd.o(.text)
    .text                                    0x0800044a   Section        0  dmul.o(.text)
    .text                                    0x0800052e   Section        0  ddiv.o(.text)
    .text                                    0x0800060c   Section        0  fflti.o(.text)
    .text                                    0x0800061e   Section        0  ffltui.o(.text)
    .text                                    0x08000628   Section        0  dflti.o(.text)
    .text                                    0x0800064a   Section        0  dfltui.o(.text)
    .text                                    0x08000664   Section        0  ffixui.o(.text)
    .text                                    0x0800068c   Section        0  dfixi.o(.text)
    .text                                    0x080006ca   Section        0  dfixui.o(.text)
    .text                                    0x080006fc   Section        0  f2d.o(.text)
    .text                                    0x08000724   Section       48  cdrcmple.o(.text)
    .text                                    0x08000754   Section        0  d2f.o(.text)
    .text                                    0x0800078c   Section       20  cfcmple.o(.text)
    .text                                    0x080007a0   Section       20  cfrcmple.o(.text)
    .text                                    0x080007b4   Section        0  llshl.o(.text)
    .text                                    0x080007d2   Section        0  llsshr.o(.text)
    .text                                    0x080007f6   Section        0  fepilogue.o(.text)
    .text                                    0x080007f6   Section        0  iusefp.o(.text)
    .text                                    0x08000864   Section        0  depilogue.o(.text)
    .text                                    0x08000920   Section       36  init.o(.text)
    .text                                    0x08000944   Section        0  __dczerorl2.o(.text)
    i.ADC_ConversionStop_Disable             0x0800099a   Section        0  stm32f1xx_hal_adc.o(i.ADC_ConversionStop_Disable)
    i.ADC_Enable                             0x080009f8   Section        0  stm32f1xx_hal_adc.o(i.ADC_Enable)
    i.BusFault_Handler                       0x08000a80   Section        0  stm32f1xx_it.o(i.BusFault_Handler)
    i.DS18B20_CheckA                         0x08000a84   Section        0  ds18b20.o(i.DS18B20_CheckA)
    i.DS18B20_Get_TempA                      0x08000ae8   Section        0  ds18b20.o(i.DS18B20_Get_TempA)
    i.DS18B20_Read_BitA                      0x08000b94   Section        0  ds18b20.o(i.DS18B20_Read_BitA)
    i.DS18B20_Read_ByteA                     0x08000c00   Section        0  ds18b20.o(i.DS18B20_Read_ByteA)
    i.DS18B20_RstA                           0x08000c24   Section        0  ds18b20.o(i.DS18B20_RstA)
    i.DS18B20_StartA                         0x08000c70   Section        0  ds18b20.o(i.DS18B20_StartA)
    i.DS18B20_Write_ByteA                    0x08000c88   Section        0  ds18b20.o(i.DS18B20_Write_ByteA)
    i.DebugMon_Handler                       0x08000cfc   Section        0  stm32f1xx_it.o(i.DebugMon_Handler)
    i.Error_Handler                          0x08000cfe   Section        0  main.o(i.Error_Handler)
    i.Get_Adc                                0x08000d00   Section        0  adc.o(i.Get_Adc)
    i.Get_Adc_Average                        0x08000d34   Section        0  adc.o(i.Get_Adc_Average)
    i.HAL_ADCEx_Calibration_Start            0x08000db0   Section        0  stm32f1xx_hal_adc_ex.o(i.HAL_ADCEx_Calibration_Start)
    i.HAL_ADC_ConfigChannel                  0x08000ebc   Section        0  stm32f1xx_hal_adc.o(i.HAL_ADC_ConfigChannel)
    i.HAL_ADC_GetValue                       0x08000fe4   Section        0  stm32f1xx_hal_adc.o(i.HAL_ADC_GetValue)
    i.HAL_ADC_Init                           0x08000fec   Section        0  stm32f1xx_hal_adc.o(i.HAL_ADC_Init)
    i.HAL_ADC_MspInit                        0x0800110c   Section        0  adc.o(i.HAL_ADC_MspInit)
    i.HAL_ADC_PollForConversion              0x080011b0   Section        0  stm32f1xx_hal_adc.o(i.HAL_ADC_PollForConversion)
    i.HAL_ADC_Start                          0x08001328   Section        0  stm32f1xx_hal_adc.o(i.HAL_ADC_Start)
    i.HAL_CAN_Init                           0x0800140c   Section        0  stm32f1xx_hal_can.o(i.HAL_CAN_Init)
    i.HAL_CAN_MspInit                        0x08001574   Section        0  can.o(i.HAL_CAN_MspInit)
    i.HAL_DBGMCU_EnableDBGStopMode           0x080015fc   Section        0  stm32f1xx_hal.o(i.HAL_DBGMCU_EnableDBGStopMode)
    i.HAL_DMA_Abort                          0x0800160c   Section        0  stm32f1xx_hal_dma.o(i.HAL_DMA_Abort)
    i.HAL_DMA_Abort_IT                       0x08001654   Section        0  stm32f1xx_hal_dma.o(i.HAL_DMA_Abort_IT)
    i.HAL_GPIO_Init                          0x080016f8   Section        0  stm32f1xx_hal_gpio.o(i.HAL_GPIO_Init)
    i.HAL_GPIO_WritePin                      0x080018f4   Section        0  stm32f1xx_hal_gpio.o(i.HAL_GPIO_WritePin)
    i.HAL_GetTick                            0x08001904   Section        0  stm32f1xx_hal.o(i.HAL_GetTick)
    i.HAL_IncTick                            0x08001910   Section        0  stm32f1xx_hal.o(i.HAL_IncTick)
    i.HAL_Init                               0x08001920   Section        0  stm32f1xx_hal.o(i.HAL_Init)
    i.HAL_InitTick                           0x08001944   Section        0  stm32f1xx_hal.o(i.HAL_InitTick)
    i.HAL_MspInit                            0x08001988   Section        0  stm32f1xx_hal_msp.o(i.HAL_MspInit)
    i.HAL_NVIC_EnableIRQ                     0x080019dc   Section        0  stm32f1xx_hal_cortex.o(i.HAL_NVIC_EnableIRQ)
    i.HAL_NVIC_SetPriority                   0x080019f8   Section        0  stm32f1xx_hal_cortex.o(i.HAL_NVIC_SetPriority)
    i.HAL_NVIC_SetPriorityGrouping           0x08001a60   Section        0  stm32f1xx_hal_cortex.o(i.HAL_NVIC_SetPriorityGrouping)
    i.HAL_RCCEx_GetPeriphCLKFreq             0x08001a84   Section        0  stm32f1xx_hal_rcc_ex.o(i.HAL_RCCEx_GetPeriphCLKFreq)
    i.HAL_RCCEx_PeriphCLKConfig              0x08001b4c   Section        0  stm32f1xx_hal_rcc_ex.o(i.HAL_RCCEx_PeriphCLKConfig)
    i.HAL_RCC_ClockConfig                    0x08001c7c   Section        0  stm32f1xx_hal_rcc.o(i.HAL_RCC_ClockConfig)
    i.HAL_RCC_GetHCLKFreq                    0x08001dfc   Section        0  stm32f1xx_hal_rcc.o(i.HAL_RCC_GetHCLKFreq)
    i.HAL_RCC_GetPCLK1Freq                   0x08001e08   Section        0  stm32f1xx_hal_rcc.o(i.HAL_RCC_GetPCLK1Freq)
    i.HAL_RCC_GetPCLK2Freq                   0x08001e28   Section        0  stm32f1xx_hal_rcc.o(i.HAL_RCC_GetPCLK2Freq)
    i.HAL_RCC_GetSysClockFreq                0x08001e48   Section        0  stm32f1xx_hal_rcc.o(i.HAL_RCC_GetSysClockFreq)
    i.HAL_RCC_OscConfig                      0x08001e98   Section        0  stm32f1xx_hal_rcc.o(i.HAL_RCC_OscConfig)
    i.HAL_SPI_Init                           0x080022c4   Section        0  stm32f1xx_hal_spi.o(i.HAL_SPI_Init)
    i.HAL_SPI_MspInit                        0x08002378   Section        0  spi.o(i.HAL_SPI_MspInit)
    i.HAL_SYSTICK_Config                     0x08002400   Section        0  stm32f1xx_hal_cortex.o(i.HAL_SYSTICK_Config)
    i.HAL_TIMEx_BreakCallback                0x08002428   Section        0  stm32f1xx_hal_tim_ex.o(i.HAL_TIMEx_BreakCallback)
    i.HAL_TIMEx_CommutCallback               0x0800242a   Section        0  stm32f1xx_hal_tim_ex.o(i.HAL_TIMEx_CommutCallback)
    i.HAL_TIMEx_ConfigBreakDeadTime          0x0800242c   Section        0  stm32f1xx_hal_tim_ex.o(i.HAL_TIMEx_ConfigBreakDeadTime)
    i.HAL_TIMEx_MasterConfigSynchronization  0x08002492   Section        0  stm32f1xx_hal_tim_ex.o(i.HAL_TIMEx_MasterConfigSynchronization)
    i.HAL_TIMEx_PWMN_Start                   0x08002504   Section        0  stm32f1xx_hal_tim_ex.o(i.HAL_TIMEx_PWMN_Start)
    i.HAL_TIM_Base_Init                      0x080025ae   Section        0  stm32f1xx_hal_tim.o(i.HAL_TIM_Base_Init)
    i.HAL_TIM_Base_MspInit                   0x0800260c   Section        0  tim.o(i.HAL_TIM_Base_MspInit)
    i.HAL_TIM_Base_Start                     0x08002674   Section        0  stm32f1xx_hal_tim.o(i.HAL_TIM_Base_Start)
    i.HAL_TIM_Base_Start_IT                  0x080026cc   Section        0  stm32f1xx_hal_tim.o(i.HAL_TIM_Base_Start_IT)
    i.HAL_TIM_Base_Stop                      0x0800272e   Section        0  stm32f1xx_hal_tim.o(i.HAL_TIM_Base_Stop)
    i.HAL_TIM_ConfigClockSource              0x08002754   Section        0  stm32f1xx_hal_tim.o(i.HAL_TIM_ConfigClockSource)
    i.HAL_TIM_IC_CaptureCallback             0x0800283e   Section        0  stm32f1xx_hal_tim.o(i.HAL_TIM_IC_CaptureCallback)
    i.HAL_TIM_IRQHandler                     0x08002840   Section        0  stm32f1xx_hal_tim.o(i.HAL_TIM_IRQHandler)
    i.HAL_TIM_MspPostInit                    0x0800299c   Section        0  tim.o(i.HAL_TIM_MspPostInit)
    i.HAL_TIM_OC_DelayElapsedCallback        0x08002a04   Section        0  stm32f1xx_hal_tim.o(i.HAL_TIM_OC_DelayElapsedCallback)
    i.HAL_TIM_PWM_ConfigChannel              0x08002a06   Section        0  stm32f1xx_hal_tim.o(i.HAL_TIM_PWM_ConfigChannel)
    i.HAL_TIM_PWM_Init                       0x08002ade   Section        0  stm32f1xx_hal_tim.o(i.HAL_TIM_PWM_Init)
    i.HAL_TIM_PWM_MspInit                    0x08002b3c   Section        0  tim.o(i.HAL_TIM_PWM_MspInit)
    i.HAL_TIM_PWM_PulseFinishedCallback      0x08002b6c   Section        0  stm32f1xx_hal_tim.o(i.HAL_TIM_PWM_PulseFinishedCallback)
    i.HAL_TIM_PeriodElapsedCallback          0x08002b70   Section        0  main.o(i.HAL_TIM_PeriodElapsedCallback)
    i.HAL_TIM_TriggerCallback                0x08002c0c   Section        0  stm32f1xx_hal_tim.o(i.HAL_TIM_TriggerCallback)
    i.HAL_UARTEx_RxEventCallback             0x08002c0e   Section        0  stm32f1xx_hal_uart.o(i.HAL_UARTEx_RxEventCallback)
    i.HAL_UART_ErrorCallback                 0x08002c10   Section        0  stm32f1xx_hal_uart.o(i.HAL_UART_ErrorCallback)
    i.HAL_UART_IRQHandler                    0x08002c14   Section        0  stm32f1xx_hal_uart.o(i.HAL_UART_IRQHandler)
    i.HAL_UART_Init                          0x08002e7c   Section        0  stm32f1xx_hal_uart.o(i.HAL_UART_Init)
    i.HAL_UART_MspInit                       0x08002ee4   Section        0  usart.o(i.HAL_UART_MspInit)
    i.HAL_UART_Receive_IT                    0x08002f90   Section        0  stm32f1xx_hal_uart.o(i.HAL_UART_Receive_IT)
    i.HAL_UART_RxCpltCallback                0x08002fac   Section        0  usart.o(i.HAL_UART_RxCpltCallback)
    i.HAL_UART_Transmit                      0x08003014   Section        0  stm32f1xx_hal_uart.o(i.HAL_UART_Transmit)
    i.HAL_UART_TxCpltCallback                0x080030cc   Section        0  stm32f1xx_hal_uart.o(i.HAL_UART_TxCpltCallback)
    i.HardFault_Handler                      0x080030ce   Section        0  stm32f1xx_it.o(i.HardFault_Handler)
    i.Initialize_function                    0x080030d4   Section        0  main.o(i.Initialize_function)
    i.MX_ADC1_Init                           0x0800311c   Section        0  adc.o(i.MX_ADC1_Init)
    i.MX_CAN_Init                            0x08003244   Section        0  can.o(i.MX_CAN_Init)
    i.MX_GPIO_Init                           0x0800328c   Section        0  gpio.o(i.MX_GPIO_Init)
    i.MX_SPI1_Init                           0x08003394   Section        0  spi.o(i.MX_SPI1_Init)
    i.MX_TIM1_Init                           0x080033d8   Section        0  tim.o(i.MX_TIM1_Init)
    i.MX_TIM2_Init                           0x08003488   Section        0  tim.o(i.MX_TIM2_Init)
    i.MX_TIM4_Init                           0x080034f4   Section        0  tim.o(i.MX_TIM4_Init)
    i.MX_USART1_UART_Init                    0x08003560   Section        0  usart.o(i.MX_USART1_UART_Init)
    i.MemManage_Handler                      0x08003598   Section        0  stm32f1xx_it.o(i.MemManage_Handler)
    i.NMI_Handler                            0x0800359c   Section        0  stm32f1xx_it.o(i.NMI_Handler)
    i.PendSV_Handler                         0x0800359e   Section        0  stm32f1xx_it.o(i.PendSV_Handler)
    i.RCC_Delay                              0x080035a0   Section        0  stm32f1xx_hal_rcc.o(i.RCC_Delay)
    RCC_Delay                                0x080035a1   Thumb Code    32  stm32f1xx_hal_rcc.o(i.RCC_Delay)
    i.SVC_Handler                            0x080035c4   Section        0  stm32f1xx_it.o(i.SVC_Handler)
    i.SysTick_Handler                        0x080035c6   Section        0  stm32f1xx_it.o(i.SysTick_Handler)
    i.SystemClock_Config                     0x080035ce   Section        0  main.o(i.SystemClock_Config)
    i.SystemInit                             0x08003654   Section        0  system_stm32f1xx.o(i.SystemInit)
    i.TIM2_IRQHandler                        0x080036ac   Section        0  stm32f1xx_it.o(i.TIM2_IRQHandler)
    i.TIM_Base_SetConfig                     0x080036bc   Section        0  stm32f1xx_hal_tim.o(i.TIM_Base_SetConfig)
    i.TIM_CCxNChannelCmd                     0x08003744   Section        0  stm32f1xx_hal_tim_ex.o(i.TIM_CCxNChannelCmd)
    TIM_CCxNChannelCmd                       0x08003745   Thumb Code    30  stm32f1xx_hal_tim_ex.o(i.TIM_CCxNChannelCmd)
    i.TIM_ETR_SetConfig                      0x08003762   Section        0  stm32f1xx_hal_tim.o(i.TIM_ETR_SetConfig)
    i.TIM_ITRx_SetConfig                     0x08003778   Section        0  stm32f1xx_hal_tim.o(i.TIM_ITRx_SetConfig)
    TIM_ITRx_SetConfig                       0x08003779   Thumb Code    16  stm32f1xx_hal_tim.o(i.TIM_ITRx_SetConfig)
    i.TIM_OC1_SetConfig                      0x08003788   Section        0  stm32f1xx_hal_tim.o(i.TIM_OC1_SetConfig)
    TIM_OC1_SetConfig                        0x08003789   Thumb Code    98  stm32f1xx_hal_tim.o(i.TIM_OC1_SetConfig)
    i.TIM_OC2_SetConfig                      0x080037f0   Section        0  stm32f1xx_hal_tim.o(i.TIM_OC2_SetConfig)
    i.TIM_OC3_SetConfig                      0x08003858   Section        0  stm32f1xx_hal_tim.o(i.TIM_OC3_SetConfig)
    TIM_OC3_SetConfig                        0x08003859   Thumb Code   100  stm32f1xx_hal_tim.o(i.TIM_OC3_SetConfig)
    i.TIM_OC4_SetConfig                      0x080038c0   Section        0  stm32f1xx_hal_tim.o(i.TIM_OC4_SetConfig)
    TIM_OC4_SetConfig                        0x080038c1   Thumb Code    78  stm32f1xx_hal_tim.o(i.TIM_OC4_SetConfig)
    i.TIM_SetCompare3                        0x08003910   Section        0  tim.o(i.TIM_SetCompare3)
    i.TIM_TI1_ConfigInputStage               0x08003928   Section        0  stm32f1xx_hal_tim.o(i.TIM_TI1_ConfigInputStage)
    TIM_TI1_ConfigInputStage                 0x08003929   Thumb Code    38  stm32f1xx_hal_tim.o(i.TIM_TI1_ConfigInputStage)
    i.TIM_TI2_ConfigInputStage               0x0800394e   Section        0  stm32f1xx_hal_tim.o(i.TIM_TI2_ConfigInputStage)
    TIM_TI2_ConfigInputStage                 0x0800394f   Thumb Code    40  stm32f1xx_hal_tim.o(i.TIM_TI2_ConfigInputStage)
    i.TaskProcess                            0x08003978   Section        0  main.o(i.TaskProcess)
    i.TaskRemarks                            0x080039b4   Section        0  main.o(i.TaskRemarks)
    i.Task_Exhaust_valves_control            0x08003a18   Section        0  main.o(i.Task_Exhaust_valves_control)
    i.Task_Exhaust_valves_count              0x08003b60   Section        0  main.o(i.Task_Exhaust_valves_count)
    i.Task_Fan_PWM                           0x08003bb8   Section        0  main.o(i.Task_Fan_PWM)
    i.Task_Get_ADC_data                      0x08003bd0   Section        0  adc.o(i.Task_Get_ADC_data)
    i.Task_NTC_temp                          0x08004194   Section        0  main.o(i.Task_NTC_temp)
    i.Task_USART1_Respond                    0x080041f8   Section        0  main.o(i.Task_USART1_Respond)
    i.Task_environment_temperature           0x0800423c   Section        0  main.o(i.Task_environment_temperature)
    i.UART_DMAAbortOnError                   0x08004254   Section        0  stm32f1xx_hal_uart.o(i.UART_DMAAbortOnError)
    UART_DMAAbortOnError                     0x08004255   Thumb Code    16  stm32f1xx_hal_uart.o(i.UART_DMAAbortOnError)
    i.UART_EndRxTransfer                     0x08004264   Section        0  stm32f1xx_hal_uart.o(i.UART_EndRxTransfer)
    UART_EndRxTransfer                       0x08004265   Thumb Code    78  stm32f1xx_hal_uart.o(i.UART_EndRxTransfer)
    i.UART_EndTransmit_IT                    0x080042b2   Section        0  stm32f1xx_hal_uart.o(i.UART_EndTransmit_IT)
    UART_EndTransmit_IT                      0x080042b3   Thumb Code    26  stm32f1xx_hal_uart.o(i.UART_EndTransmit_IT)
    i.UART_Receive_IT                        0x080042cc   Section        0  stm32f1xx_hal_uart.o(i.UART_Receive_IT)
    UART_Receive_IT                          0x080042cd   Thumb Code   202  stm32f1xx_hal_uart.o(i.UART_Receive_IT)
    i.UART_SetConfig                         0x08004398   Section        0  stm32f1xx_hal_uart.o(i.UART_SetConfig)
    UART_SetConfig                           0x08004399   Thumb Code   194  stm32f1xx_hal_uart.o(i.UART_SetConfig)
    i.UART_Start_Receive_IT                  0x08004460   Section        0  stm32f1xx_hal_uart.o(i.UART_Start_Receive_IT)
    i.UART_Transmit_IT                       0x08004498   Section        0  stm32f1xx_hal_uart.o(i.UART_Transmit_IT)
    UART_Transmit_IT                         0x08004499   Thumb Code    94  stm32f1xx_hal_uart.o(i.UART_Transmit_IT)
    i.UART_WaitOnFlagUntilTimeout            0x080044f6   Section        0  stm32f1xx_hal_uart.o(i.UART_WaitOnFlagUntilTimeout)
    UART_WaitOnFlagUntilTimeout              0x080044f7   Thumb Code   142  stm32f1xx_hal_uart.o(i.UART_WaitOnFlagUntilTimeout)
    i.USART1_IRQHandler                      0x08004584   Section        0  stm32f1xx_it.o(i.USART1_IRQHandler)
    i.USART1_Parameters_Send                 0x08004594   Section        0  main.o(i.USART1_Parameters_Send)
    i.UsageFault_Handler                     0x08004654   Section        0  stm32f1xx_it.o(i.UsageFault_Handler)
    i.__scatterload_copy                     0x08004658   Section       14  handlers.o(i.__scatterload_copy)
    i.__scatterload_null                     0x08004666   Section        2  handlers.o(i.__scatterload_null)
    i.__scatterload_zeroinit                 0x08004668   Section       14  handlers.o(i.__scatterload_zeroinit)
    i.crc16_calc                             0x08004676   Section        0  main.o(i.crc16_calc)
    i.delay_us                               0x080046b4   Section        0  tim.o(i.delay_us)
    i.get_rec_data                           0x080046fc   Section        0  main.o(i.get_rec_data)
    i.main                                   0x08004880   Section        0  main.o(i.main)
    i.recurbinary                            0x080048e0   Section        0  main.o(i.recurbinary)
    .constdata                               0x0800497c   Section       24  system_stm32f1xx.o(.constdata)
    .constdata                               0x08004994   Section       18  stm32f1xx_hal_rcc.o(.constdata)
    aPredivFactorTable                       0x08004994   Data           2  stm32f1xx_hal_rcc.o(.constdata)
    aPLLMULFactorTable                       0x08004996   Data          16  stm32f1xx_hal_rcc.o(.constdata)
    .constdata                               0x080049a6   Section       18  stm32f1xx_hal_rcc_ex.o(.constdata)
    aPredivFactorTable                       0x080049a6   Data           2  stm32f1xx_hal_rcc_ex.o(.constdata)
    aPLLMULFactorTable                       0x080049a8   Data          16  stm32f1xx_hal_rcc_ex.o(.constdata)
    .data                                    0x20000000   Section     1276  main.o(.data)
    TaskComps                                0x200004a8   Data          84  main.o(.data)
    .data                                    0x20000500   Section        9  adc.o(.data)
    .data                                    0x2000050c   Section        4  system_stm32f1xx.o(.data)
    .data                                    0x20000510   Section       12  stm32f1xx_hal.o(.data)
    .bss                                     0x2000051c   Section       40  main.o(.bss)
    .bss                                     0x20000544   Section       88  adc.o(.bss)
    .bss                                     0x2000059c   Section       40  can.o(.bss)
    .bss                                     0x200005c4   Section       88  spi.o(.bss)
    .bss                                     0x2000061c   Section      216  tim.o(.bss)
    .bss                                     0x200006f4   Section       72  usart.o(.bss)
    STACK                                    0x20000740   Section     1024  startup_stm32f103xb.o(STACK)

    Global Symbols

    Symbol Name                              Value     Ov Type        Size  Object(Section)

    BuildAttributes$$THM_ISAv4$P$D$K$B$S$PE$A:L22UL41UL21$X:L11$S22US41US21$IEEE1$IW$USESV6$~STKCKD$USESV7$~SHL$OTIME$ROPI$EBA8$MICROLIB$REQ8$PRES8$EABIv2 0x00000000   Number         0  anon$$obj.o ABSOLUTE
    __ARM_use_no_argv                        0x00000000   Number         0  main.o ABSOLUTE
    __arm_fini_                               - Undefined Weak Reference
    __cpp_initialize__aeabi_                  - Undefined Weak Reference
    __cxa_finalize                            - Undefined Weak Reference
    _clock_init                               - Undefined Weak Reference
    _microlib_exit                            - Undefined Weak Reference
    __Vectors_Size                           0x000000ec   Number         0  startup_stm32f103xb.o ABSOLUTE
    __Vectors                                0x08000000   Data           4  startup_stm32f103xb.o(RESET)
    __Vectors_End                            0x080000ec   Data           0  startup_stm32f103xb.o(RESET)
    __main                                   0x080000ed   Thumb Code     0  entry.o(.ARM.Collect$$$$00000000)
    _main_stk                                0x080000ed   Thumb Code     0  entry2.o(.ARM.Collect$$$$00000001)
    _main_scatterload                        0x080000f1   Thumb Code     0  entry5.o(.ARM.Collect$$$$00000004)
    __main_after_scatterload                 0x080000f5   Thumb Code     0  entry5.o(.ARM.Collect$$$$00000004)
    _main_clock                              0x080000f5   Thumb Code     0  entry7b.o(.ARM.Collect$$$$00000008)
    _main_cpp_init                           0x080000f5   Thumb Code     0  entry8b.o(.ARM.Collect$$$$0000000A)
    _main_init                               0x080000f5   Thumb Code     0  entry9a.o(.ARM.Collect$$$$0000000B)
    __rt_lib_shutdown_fini                   0x080000fd   Thumb Code     0  entry12b.o(.ARM.Collect$$$$0000000E)
    __rt_final_cpp                           0x08000101   Thumb Code     0  entry10a.o(.ARM.Collect$$$$0000000F)
    __rt_final_exit                          0x08000101   Thumb Code     0  entry11a.o(.ARM.Collect$$$$00000011)
    Reset_Handler                            0x08000105   Thumb Code     8  startup_stm32f103xb.o(.text)
    ADC1_2_IRQHandler                        0x0800011f   Thumb Code     0  startup_stm32f103xb.o(.text)
    CAN1_RX1_IRQHandler                      0x0800011f   Thumb Code     0  startup_stm32f103xb.o(.text)
    CAN1_SCE_IRQHandler                      0x0800011f   Thumb Code     0  startup_stm32f103xb.o(.text)
    DMA1_Channel1_IRQHandler                 0x0800011f   Thumb Code     0  startup_stm32f103xb.o(.text)
    DMA1_Channel2_IRQHandler                 0x0800011f   Thumb Code     0  startup_stm32f103xb.o(.text)
    DMA1_Channel3_IRQHandler                 0x0800011f   Thumb Code     0  startup_stm32f103xb.o(.text)
    DMA1_Channel4_IRQHandler                 0x0800011f   Thumb Code     0  startup_stm32f103xb.o(.text)
    DMA1_Channel5_IRQHandler                 0x0800011f   Thumb Code     0  startup_stm32f103xb.o(.text)
    DMA1_Channel6_IRQHandler                 0x0800011f   Thumb Code     0  startup_stm32f103xb.o(.text)
    DMA1_Channel7_IRQHandler                 0x0800011f   Thumb Code     0  startup_stm32f103xb.o(.text)
    EXTI0_IRQHandler                         0x0800011f   Thumb Code     0  startup_stm32f103xb.o(.text)
    EXTI15_10_IRQHandler                     0x0800011f   Thumb Code     0  startup_stm32f103xb.o(.text)
    EXTI1_IRQHandler                         0x0800011f   Thumb Code     0  startup_stm32f103xb.o(.text)
    EXTI2_IRQHandler                         0x0800011f   Thumb Code     0  startup_stm32f103xb.o(.text)
    EXTI3_IRQHandler                         0x0800011f   Thumb Code     0  startup_stm32f103xb.o(.text)
    EXTI4_IRQHandler                         0x0800011f   Thumb Code     0  startup_stm32f103xb.o(.text)
    EXTI9_5_IRQHandler                       0x0800011f   Thumb Code     0  startup_stm32f103xb.o(.text)
    FLASH_IRQHandler                         0x0800011f   Thumb Code     0  startup_stm32f103xb.o(.text)
    I2C1_ER_IRQHandler                       0x0800011f   Thumb Code     0  startup_stm32f103xb.o(.text)
    I2C1_EV_IRQHandler                       0x0800011f   Thumb Code     0  startup_stm32f103xb.o(.text)
    I2C2_ER_IRQHandler                       0x0800011f   Thumb Code     0  startup_stm32f103xb.o(.text)
    I2C2_EV_IRQHandler                       0x0800011f   Thumb Code     0  startup_stm32f103xb.o(.text)
    PVD_IRQHandler                           0x0800011f   Thumb Code     0  startup_stm32f103xb.o(.text)
    RCC_IRQHandler                           0x0800011f   Thumb Code     0  startup_stm32f103xb.o(.text)
    RTC_Alarm_IRQHandler                     0x0800011f   Thumb Code     0  startup_stm32f103xb.o(.text)
    RTC_IRQHandler                           0x0800011f   Thumb Code     0  startup_stm32f103xb.o(.text)
    SPI1_IRQHandler                          0x0800011f   Thumb Code     0  startup_stm32f103xb.o(.text)
    SPI2_IRQHandler                          0x0800011f   Thumb Code     0  startup_stm32f103xb.o(.text)
    TAMPER_IRQHandler                        0x0800011f   Thumb Code     0  startup_stm32f103xb.o(.text)
    TIM1_BRK_IRQHandler                      0x0800011f   Thumb Code     0  startup_stm32f103xb.o(.text)
    TIM1_CC_IRQHandler                       0x0800011f   Thumb Code     0  startup_stm32f103xb.o(.text)
    TIM1_TRG_COM_IRQHandler                  0x0800011f   Thumb Code     0  startup_stm32f103xb.o(.text)
    TIM1_UP_IRQHandler                       0x0800011f   Thumb Code     0  startup_stm32f103xb.o(.text)
    TIM3_IRQHandler                          0x0800011f   Thumb Code     0  startup_stm32f103xb.o(.text)
    TIM4_IRQHandler                          0x0800011f   Thumb Code     0  startup_stm32f103xb.o(.text)
    USART2_IRQHandler                        0x0800011f   Thumb Code     0  startup_stm32f103xb.o(.text)
    USART3_IRQHandler                        0x0800011f   Thumb Code     0  startup_stm32f103xb.o(.text)
    USBWakeUp_IRQHandler                     0x0800011f   Thumb Code     0  startup_stm32f103xb.o(.text)
    USB_HP_CAN1_TX_IRQHandler                0x0800011f   Thumb Code     0  startup_stm32f103xb.o(.text)
    USB_LP_CAN1_RX0_IRQHandler               0x0800011f   Thumb Code     0  startup_stm32f103xb.o(.text)
    WWDG_IRQHandler                          0x0800011f   Thumb Code     0  startup_stm32f103xb.o(.text)
    __aeabi_llsr                             0x08000129   Thumb Code    32  llushr.o(.text)
    _ll_ushift_r                             0x08000129   Thumb Code     0  llushr.o(.text)
    __aeabi_memset                           0x08000149   Thumb Code    14  memseta.o(.text)
    __aeabi_memset4                          0x08000149   Thumb Code     0  memseta.o(.text)
    __aeabi_memset8                          0x08000149   Thumb Code     0  memseta.o(.text)
    __aeabi_memclr                           0x08000157   Thumb Code     4  memseta.o(.text)
    __aeabi_memclr4                          0x08000157   Thumb Code     0  memseta.o(.text)
    __aeabi_memclr8                          0x08000157   Thumb Code     0  memseta.o(.text)
    _memset$wrapper                          0x0800015b   Thumb Code    18  memseta.o(.text)
    __aeabi_fadd                             0x0800016d   Thumb Code   164  fadd.o(.text)
    __aeabi_fsub                             0x08000211   Thumb Code     6  fadd.o(.text)
    __aeabi_frsub                            0x08000217   Thumb Code     6  fadd.o(.text)
    __aeabi_fmul                             0x0800021d   Thumb Code   100  fmul.o(.text)
    __aeabi_fdiv                             0x08000281   Thumb Code   124  fdiv.o(.text)
    __aeabi_dadd                             0x080002fd   Thumb Code   322  dadd.o(.text)
    __aeabi_dsub                             0x0800043f   Thumb Code     6  dadd.o(.text)
    __aeabi_drsub                            0x08000445   Thumb Code     6  dadd.o(.text)
    __aeabi_dmul                             0x0800044b   Thumb Code   228  dmul.o(.text)
    __aeabi_ddiv                             0x0800052f   Thumb Code   222  ddiv.o(.text)
    __aeabi_i2f                              0x0800060d   Thumb Code    18  fflti.o(.text)
    __aeabi_ui2f                             0x0800061f   Thumb Code    10  ffltui.o(.text)
    __aeabi_i2d                              0x08000629   Thumb Code    34  dflti.o(.text)
    __aeabi_ui2d                             0x0800064b   Thumb Code    26  dfltui.o(.text)
    __aeabi_f2uiz                            0x08000665   Thumb Code    40  ffixui.o(.text)
    __aeabi_d2iz                             0x0800068d   Thumb Code    62  dfixi.o(.text)
    __aeabi_d2uiz                            0x080006cb   Thumb Code    50  dfixui.o(.text)
    __aeabi_f2d                              0x080006fd   Thumb Code    38  f2d.o(.text)
    __aeabi_cdrcmple                         0x08000725   Thumb Code    48  cdrcmple.o(.text)
    __aeabi_d2f                              0x08000755   Thumb Code    56  d2f.o(.text)
    __aeabi_cfcmpeq                          0x0800078d   Thumb Code     0  cfcmple.o(.text)
    __aeabi_cfcmple                          0x0800078d   Thumb Code    20  cfcmple.o(.text)
    __aeabi_cfrcmple                         0x080007a1   Thumb Code    20  cfrcmple.o(.text)
    __aeabi_llsl                             0x080007b5   Thumb Code    30  llshl.o(.text)
    _ll_shift_l                              0x080007b5   Thumb Code     0  llshl.o(.text)
    __aeabi_lasr                             0x080007d3   Thumb Code    36  llsshr.o(.text)
    _ll_sshift_r                             0x080007d3   Thumb Code     0  llsshr.o(.text)
    __I$use$fp                               0x080007f7   Thumb Code     0  iusefp.o(.text)
    _float_round                             0x080007f7   Thumb Code    18  fepilogue.o(.text)
    _float_epilogue                          0x08000809   Thumb Code    92  fepilogue.o(.text)
    _double_round                            0x08000865   Thumb Code    30  depilogue.o(.text)
    _double_epilogue                         0x08000883   Thumb Code   156  depilogue.o(.text)
    __scatterload                            0x08000921   Thumb Code    28  init.o(.text)
    __scatterload_rt2                        0x08000921   Thumb Code     0  init.o(.text)
    __decompress                             0x08000945   Thumb Code     0  __dczerorl2.o(.text)
    __decompress1                            0x08000945   Thumb Code    86  __dczerorl2.o(.text)
    ADC_ConversionStop_Disable               0x0800099b   Thumb Code    92  stm32f1xx_hal_adc.o(i.ADC_ConversionStop_Disable)
    ADC_Enable                               0x080009f9   Thumb Code   128  stm32f1xx_hal_adc.o(i.ADC_Enable)
    BusFault_Handler                         0x08000a81   Thumb Code     4  stm32f1xx_it.o(i.BusFault_Handler)
    DS18B20_CheckA                           0x08000a85   Thumb Code    92  ds18b20.o(i.DS18B20_CheckA)
    DS18B20_Get_TempA                        0x08000ae9   Thumb Code   160  ds18b20.o(i.DS18B20_Get_TempA)
    DS18B20_Read_BitA                        0x08000b95   Thumb Code    96  ds18b20.o(i.DS18B20_Read_BitA)
    DS18B20_Read_ByteA                       0x08000c01   Thumb Code    34  ds18b20.o(i.DS18B20_Read_ByteA)
    DS18B20_RstA                             0x08000c25   Thumb Code    64  ds18b20.o(i.DS18B20_RstA)
    DS18B20_StartA                           0x08000c71   Thumb Code    24  ds18b20.o(i.DS18B20_StartA)
    DS18B20_Write_ByteA                      0x08000c89   Thumb Code   102  ds18b20.o(i.DS18B20_Write_ByteA)
    DebugMon_Handler                         0x08000cfd   Thumb Code     2  stm32f1xx_it.o(i.DebugMon_Handler)
    Error_Handler                            0x08000cff   Thumb Code     2  main.o(i.Error_Handler)
    Get_Adc                                  0x08000d01   Thumb Code    48  adc.o(i.Get_Adc)
    Get_Adc_Average                          0x08000d35   Thumb Code   114  adc.o(i.Get_Adc_Average)
    HAL_ADCEx_Calibration_Start              0x08000db1   Thumb Code   264  stm32f1xx_hal_adc_ex.o(i.HAL_ADCEx_Calibration_Start)
    HAL_ADC_ConfigChannel                    0x08000ebd   Thumb Code   288  stm32f1xx_hal_adc.o(i.HAL_ADC_ConfigChannel)
    HAL_ADC_GetValue                         0x08000fe5   Thumb Code     6  stm32f1xx_hal_adc.o(i.HAL_ADC_GetValue)
    HAL_ADC_Init                             0x08000fed   Thumb Code   280  stm32f1xx_hal_adc.o(i.HAL_ADC_Init)
    HAL_ADC_MspInit                          0x0800110d   Thumb Code   144  adc.o(i.HAL_ADC_MspInit)
    HAL_ADC_PollForConversion                0x080011b1   Thumb Code   364  stm32f1xx_hal_adc.o(i.HAL_ADC_PollForConversion)
    HAL_ADC_Start                            0x08001329   Thumb Code   218  stm32f1xx_hal_adc.o(i.HAL_ADC_Start)
    HAL_CAN_Init                             0x0800140d   Thumb Code   360  stm32f1xx_hal_can.o(i.HAL_CAN_Init)
    HAL_CAN_MspInit                          0x08001575   Thumb Code   122  can.o(i.HAL_CAN_MspInit)
    HAL_DBGMCU_EnableDBGStopMode             0x080015fd   Thumb Code    12  stm32f1xx_hal.o(i.HAL_DBGMCU_EnableDBGStopMode)
    HAL_DMA_Abort                            0x0800160d   Thumb Code    72  stm32f1xx_hal_dma.o(i.HAL_DMA_Abort)
    HAL_DMA_Abort_IT                         0x08001655   Thumb Code   136  stm32f1xx_hal_dma.o(i.HAL_DMA_Abort_IT)
    HAL_GPIO_Init                            0x080016f9   Thumb Code   496  stm32f1xx_hal_gpio.o(i.HAL_GPIO_Init)
    HAL_GPIO_WritePin                        0x080018f5   Thumb Code    14  stm32f1xx_hal_gpio.o(i.HAL_GPIO_WritePin)
    HAL_GetTick                              0x08001905   Thumb Code     6  stm32f1xx_hal.o(i.HAL_GetTick)
    HAL_IncTick                              0x08001911   Thumb Code    12  stm32f1xx_hal.o(i.HAL_IncTick)
    HAL_Init                                 0x08001921   Thumb Code    32  stm32f1xx_hal.o(i.HAL_Init)
    HAL_InitTick                             0x08001945   Thumb Code    58  stm32f1xx_hal.o(i.HAL_InitTick)
    HAL_MspInit                              0x08001989   Thumb Code    76  stm32f1xx_hal_msp.o(i.HAL_MspInit)
    HAL_NVIC_EnableIRQ                       0x080019dd   Thumb Code    28  stm32f1xx_hal_cortex.o(i.HAL_NVIC_EnableIRQ)
    HAL_NVIC_SetPriority                     0x080019f9   Thumb Code    98  stm32f1xx_hal_cortex.o(i.HAL_NVIC_SetPriority)
    HAL_NVIC_SetPriorityGrouping             0x08001a61   Thumb Code    30  stm32f1xx_hal_cortex.o(i.HAL_NVIC_SetPriorityGrouping)
    HAL_RCCEx_GetPeriphCLKFreq               0x08001a85   Thumb Code   176  stm32f1xx_hal_rcc_ex.o(i.HAL_RCCEx_GetPeriphCLKFreq)
    HAL_RCCEx_PeriphCLKConfig                0x08001b4d   Thumb Code   290  stm32f1xx_hal_rcc_ex.o(i.HAL_RCCEx_PeriphCLKConfig)
    HAL_RCC_ClockConfig                      0x08001c7d   Thumb Code   364  stm32f1xx_hal_rcc.o(i.HAL_RCC_ClockConfig)
    HAL_RCC_GetHCLKFreq                      0x08001dfd   Thumb Code     6  stm32f1xx_hal_rcc.o(i.HAL_RCC_GetHCLKFreq)
    HAL_RCC_GetPCLK1Freq                     0x08001e09   Thumb Code    22  stm32f1xx_hal_rcc.o(i.HAL_RCC_GetPCLK1Freq)
    HAL_RCC_GetPCLK2Freq                     0x08001e29   Thumb Code    22  stm32f1xx_hal_rcc.o(i.HAL_RCC_GetPCLK2Freq)
    HAL_RCC_GetSysClockFreq                  0x08001e49   Thumb Code    58  stm32f1xx_hal_rcc.o(i.HAL_RCC_GetSysClockFreq)
    HAL_RCC_OscConfig                        0x08001e99   Thumb Code  1068  stm32f1xx_hal_rcc.o(i.HAL_RCC_OscConfig)
    HAL_SPI_Init                             0x080022c5   Thumb Code   180  stm32f1xx_hal_spi.o(i.HAL_SPI_Init)
    HAL_SPI_MspInit                          0x08002379   Thumb Code   120  spi.o(i.HAL_SPI_MspInit)
    HAL_SYSTICK_Config                       0x08002401   Thumb Code    36  stm32f1xx_hal_cortex.o(i.HAL_SYSTICK_Config)
    HAL_TIMEx_BreakCallback                  0x08002429   Thumb Code     2  stm32f1xx_hal_tim_ex.o(i.HAL_TIMEx_BreakCallback)
    HAL_TIMEx_CommutCallback                 0x0800242b   Thumb Code     2  stm32f1xx_hal_tim_ex.o(i.HAL_TIMEx_CommutCallback)
    HAL_TIMEx_ConfigBreakDeadTime            0x0800242d   Thumb Code   102  stm32f1xx_hal_tim_ex.o(i.HAL_TIMEx_ConfigBreakDeadTime)
    HAL_TIMEx_MasterConfigSynchronization    0x08002493   Thumb Code   114  stm32f1xx_hal_tim_ex.o(i.HAL_TIMEx_MasterConfigSynchronization)
    HAL_TIMEx_PWMN_Start                     0x08002505   Thumb Code   170  stm32f1xx_hal_tim_ex.o(i.HAL_TIMEx_PWMN_Start)
    HAL_TIM_Base_Init                        0x080025af   Thumb Code    92  stm32f1xx_hal_tim.o(i.HAL_TIM_Base_Init)
    HAL_TIM_Base_MspInit                     0x0800260d   Thumb Code    96  tim.o(i.HAL_TIM_Base_MspInit)
    HAL_TIM_Base_Start                       0x08002675   Thumb Code    88  stm32f1xx_hal_tim.o(i.HAL_TIM_Base_Start)
    HAL_TIM_Base_Start_IT                    0x080026cd   Thumb Code    98  stm32f1xx_hal_tim.o(i.HAL_TIM_Base_Start_IT)
    HAL_TIM_Base_Stop                        0x0800272f   Thumb Code    38  stm32f1xx_hal_tim.o(i.HAL_TIM_Base_Stop)
    HAL_TIM_ConfigClockSource                0x08002755   Thumb Code   234  stm32f1xx_hal_tim.o(i.HAL_TIM_ConfigClockSource)
    HAL_TIM_IC_CaptureCallback               0x0800283f   Thumb Code     2  stm32f1xx_hal_tim.o(i.HAL_TIM_IC_CaptureCallback)
    HAL_TIM_IRQHandler                       0x08002841   Thumb Code   348  stm32f1xx_hal_tim.o(i.HAL_TIM_IRQHandler)
    HAL_TIM_MspPostInit                      0x0800299d   Thumb Code    86  tim.o(i.HAL_TIM_MspPostInit)
    HAL_TIM_OC_DelayElapsedCallback          0x08002a05   Thumb Code     2  stm32f1xx_hal_tim.o(i.HAL_TIM_OC_DelayElapsedCallback)
    HAL_TIM_PWM_ConfigChannel                0x08002a07   Thumb Code   216  stm32f1xx_hal_tim.o(i.HAL_TIM_PWM_ConfigChannel)
    HAL_TIM_PWM_Init                         0x08002adf   Thumb Code    92  stm32f1xx_hal_tim.o(i.HAL_TIM_PWM_Init)
    HAL_TIM_PWM_MspInit                      0x08002b3d   Thumb Code    40  tim.o(i.HAL_TIM_PWM_MspInit)
    HAL_TIM_PWM_PulseFinishedCallback        0x08002b6d   Thumb Code     2  stm32f1xx_hal_tim.o(i.HAL_TIM_PWM_PulseFinishedCallback)
    HAL_TIM_PeriodElapsedCallback            0x08002b71   Thumb Code   114  main.o(i.HAL_TIM_PeriodElapsedCallback)
    HAL_TIM_TriggerCallback                  0x08002c0d   Thumb Code     2  stm32f1xx_hal_tim.o(i.HAL_TIM_TriggerCallback)
    HAL_UARTEx_RxEventCallback               0x08002c0f   Thumb Code     2  stm32f1xx_hal_uart.o(i.HAL_UARTEx_RxEventCallback)
    HAL_UART_ErrorCallback                   0x08002c11   Thumb Code     2  stm32f1xx_hal_uart.o(i.HAL_UART_ErrorCallback)
    HAL_UART_IRQHandler                      0x08002c15   Thumb Code   610  stm32f1xx_hal_uart.o(i.HAL_UART_IRQHandler)
    HAL_UART_Init                            0x08002e7d   Thumb Code   102  stm32f1xx_hal_uart.o(i.HAL_UART_Init)
    HAL_UART_MspInit                         0x08002ee5   Thumb Code   154  usart.o(i.HAL_UART_MspInit)
    HAL_UART_Receive_IT                      0x08002f91   Thumb Code    28  stm32f1xx_hal_uart.o(i.HAL_UART_Receive_IT)
    HAL_UART_RxCpltCallback                  0x08002fad   Thumb Code    80  usart.o(i.HAL_UART_RxCpltCallback)
    HAL_UART_Transmit                        0x08003015   Thumb Code   184  stm32f1xx_hal_uart.o(i.HAL_UART_Transmit)
    HAL_UART_TxCpltCallback                  0x080030cd   Thumb Code     2  stm32f1xx_hal_uart.o(i.HAL_UART_TxCpltCallback)
    HardFault_Handler                        0x080030cf   Thumb Code     4  stm32f1xx_it.o(i.HardFault_Handler)
    Initialize_function                      0x080030d5   Thumb Code    60  main.o(i.Initialize_function)
    MX_ADC1_Init                             0x0800311d   Thumb Code   286  adc.o(i.MX_ADC1_Init)
    MX_CAN_Init                              0x08003245   Thumb Code    62  can.o(i.MX_CAN_Init)
    MX_GPIO_Init                             0x0800328d   Thumb Code   248  gpio.o(i.MX_GPIO_Init)
    MX_SPI1_Init                             0x08003395   Thumb Code    60  spi.o(i.MX_SPI1_Init)
    MX_TIM1_Init                             0x080033d9   Thumb Code   168  tim.o(i.MX_TIM1_Init)
    MX_TIM2_Init                             0x08003489   Thumb Code   104  tim.o(i.MX_TIM2_Init)
    MX_TIM4_Init                             0x080034f5   Thumb Code    98  tim.o(i.MX_TIM4_Init)
    MX_USART1_UART_Init                      0x08003561   Thumb Code    46  usart.o(i.MX_USART1_UART_Init)
    MemManage_Handler                        0x08003599   Thumb Code     4  stm32f1xx_it.o(i.MemManage_Handler)
    NMI_Handler                              0x0800359d   Thumb Code     2  stm32f1xx_it.o(i.NMI_Handler)
    PendSV_Handler                           0x0800359f   Thumb Code     2  stm32f1xx_it.o(i.PendSV_Handler)
    SVC_Handler                              0x080035c5   Thumb Code     2  stm32f1xx_it.o(i.SVC_Handler)
    SysTick_Handler                          0x080035c7   Thumb Code     8  stm32f1xx_it.o(i.SysTick_Handler)
    SystemClock_Config                       0x080035cf   Thumb Code   132  main.o(i.SystemClock_Config)
    SystemInit                               0x08003655   Thumb Code    70  system_stm32f1xx.o(i.SystemInit)
    TIM2_IRQHandler                          0x080036ad   Thumb Code    10  stm32f1xx_it.o(i.TIM2_IRQHandler)
    TIM_Base_SetConfig                       0x080036bd   Thumb Code   122  stm32f1xx_hal_tim.o(i.TIM_Base_SetConfig)
    TIM_ETR_SetConfig                        0x08003763   Thumb Code    22  stm32f1xx_hal_tim.o(i.TIM_ETR_SetConfig)
    TIM_OC2_SetConfig                        0x080037f1   Thumb Code   100  stm32f1xx_hal_tim.o(i.TIM_OC2_SetConfig)
    TIM_SetCompare3                          0x08003911   Thumb Code    18  tim.o(i.TIM_SetCompare3)
    TaskProcess                              0x08003979   Thumb Code    54  main.o(i.TaskProcess)
    TaskRemarks                              0x080039b5   Thumb Code    96  main.o(i.TaskRemarks)
    Task_Exhaust_valves_control              0x08003a19   Thumb Code   280  main.o(i.Task_Exhaust_valves_control)
    Task_Exhaust_valves_count                0x08003b61   Thumb Code    62  main.o(i.Task_Exhaust_valves_count)
    Task_Fan_PWM                             0x08003bb9   Thumb Code    14  main.o(i.Task_Fan_PWM)
    Task_Get_ADC_data                        0x08003bd1   Thumb Code  1404  adc.o(i.Task_Get_ADC_data)
    Task_NTC_temp                            0x08004195   Thumb Code    80  main.o(i.Task_NTC_temp)
    Task_USART1_Respond                      0x080041f9   Thumb Code    50  main.o(i.Task_USART1_Respond)
    Task_environment_temperature             0x0800423d   Thumb Code    18  main.o(i.Task_environment_temperature)
    UART_Start_Receive_IT                    0x08004461   Thumb Code    56  stm32f1xx_hal_uart.o(i.UART_Start_Receive_IT)
    USART1_IRQHandler                        0x08004585   Thumb Code    10  stm32f1xx_it.o(i.USART1_IRQHandler)
    USART1_Parameters_Send                   0x08004595   Thumb Code   172  main.o(i.USART1_Parameters_Send)
    UsageFault_Handler                       0x08004655   Thumb Code     4  stm32f1xx_it.o(i.UsageFault_Handler)
    __scatterload_copy                       0x08004659   Thumb Code    14  handlers.o(i.__scatterload_copy)
    __scatterload_null                       0x08004667   Thumb Code     2  handlers.o(i.__scatterload_null)
    __scatterload_zeroinit                   0x08004669   Thumb Code    14  handlers.o(i.__scatterload_zeroinit)
    crc16_calc                               0x08004677   Thumb Code    60  main.o(i.crc16_calc)
    delay_us                                 0x080046b5   Thumb Code    64  tim.o(i.delay_us)
    get_rec_data                             0x080046fd   Thumb Code   346  main.o(i.get_rec_data)
    main                                     0x08004881   Thumb Code    82  main.o(i.main)
    recurbinary                              0x080048e1   Thumb Code   156  main.o(i.recurbinary)
    AHBPrescTable                            0x0800497c   Data          16  system_stm32f1xx.o(.constdata)
    APBPrescTable                            0x0800498c   Data           8  system_stm32f1xx.o(.constdata)
    Region$$Table$$Base                      0x080049b8   Number         0  anon$$obj.o(Region$$Table)
    Region$$Table$$Limit                     0x080049d8   Number         0  anon$$obj.o(Region$$Table)
    temperature                              0x20000000   Data           2  main.o(.data)
    FC_Start_flag                            0x20000002   Data           1  main.o(.data)
    FC_I                                     0x20000004   Data           2  main.o(.data)
    FC_U                                     0x20000006   Data           2  main.o(.data)
    Load_power                               0x20000008   Data           4  main.o(.data)
    LI_I                                     0x2000000c   Data           2  main.o(.data)
    LI_U                                     0x2000000e   Data           2  main.o(.data)
    LI_charge_I                              0x20000010   Data           2  main.o(.data)
    LOAD_U                                   0x20000012   Data           2  main.o(.data)
    FC_pressure                              0x20000014   Data           2  main.o(.data)
    gas_cylinder_pressure                    0x20000016   Data           2  main.o(.data)
    shell_temperature                        0x20000018   Data           2  main.o(.data)
    environment_temperature                  0x2000001c   Data           4  main.o(.data)
    Exhaust_valves_flag                      0x20000020   Data           1  main.o(.data)
    temperature_counter                      0x20000022   Data           2  main.o(.data)
    ntc_R                                    0x20000024   Data           4  main.o(.data)
    shell_ntc_R                              0x20000028   Data           4  main.o(.data)
    pretemperature_counter                   0x2000002c   Data           2  main.o(.data)
    pretemperature                           0x2000002e   Data           2  main.o(.data)
    temperature_rate                         0x20000030   Data           2  main.o(.data)
    Exhaust_valves_counter                   0x20000032   Data           2  main.o(.data)
    Exhaust_specific_counter                 0x20000034   Data           4  main.o(.data)
    temperature_tendency                     0x20000038   Data           1  main.o(.data)
    FC_Start_flag_                           0x20000039   Data           1  main.o(.data)
    Exhaust_status                           0x2000003a   Data           1  main.o(.data)
    Exhaust_time_counter                     0x2000003c   Data           2  main.o(.data)
    Exhaust_time_Normal                      0x2000003e   Data           2  main.o(.data)
    Exhaust_interval_Normal                  0x20000040   Data           2  main.o(.data)
    Exhaust_interval_Normal_counter          0x20000042   Data           2  main.o(.data)
    Exhaust_time_Specific                    0x20000044   Data           4  main.o(.data)
    Exhaust_interval_Specific                0x20000048   Data           4  main.o(.data)
    Exhaust_interval_Specific_counter        0x2000004c   Data           4  main.o(.data)
    Exhaust_valves_Manual_flag               0x20000050   Data           1  main.o(.data)
    Exhaust_Manual_status                    0x20000051   Data           1  main.o(.data)
    Exhaust_time_Manual                      0x20000054   Data           4  main.o(.data)
    Exhaust_time_Manual_counter              0x20000058   Data           4  main.o(.data)
    PWM_VAL                                  0x2000005c   Data           2  main.o(.data)
    Uart_ReceiveData_flag                    0x2000005e   Data           1  main.o(.data)
    USART2_REC_BUF_Engine                    0x2000005f   Data           4  main.o(.data)
    sendDataFlag                             0x20000063   Data           1  main.o(.data)
    UART1_temp                               0x20000064   Data           1  main.o(.data)
    USART1_REC_STA                           0x20000066   Data           2  main.o(.data)
    respondDeviceID                          0x20000068   Data           1  main.o(.data)
    respondDeviceValue                       0x20000069   Data           1  main.o(.data)
    RecCrc                                   0x2000006a   Data           2  main.o(.data)
    CalcCrc                                  0x2000006c   Data           2  main.o(.data)
    CntRx1                                   0x2000006e   Data           2  main.o(.data)
    Thermistor3950                           0x20000070   Data        1080  main.o(.data)
    text                                     0x20000500   Data           8  adc.o(.data)
    Adc_Average_Time                         0x20000508   Data           1  adc.o(.data)
    SystemCoreClock                          0x2000050c   Data           4  system_stm32f1xx.o(.data)
    uwTickFreq                               0x20000510   Data           1  stm32f1xx_hal.o(.data)
    uwTickPrio                               0x20000514   Data           4  stm32f1xx_hal.o(.data)
    uwTick                                   0x20000518   Data           4  stm32f1xx_hal.o(.data)
    temperature_record                       0x2000051c   Data          20  main.o(.bss)
    USART1_REC_BUF                           0x20000530   Data          20  main.o(.bss)
    ADC_data                                 0x20000544   Data          40  adc.o(.bss)
    hadc1                                    0x2000056c   Data          48  adc.o(.bss)
    hcan                                     0x2000059c   Data          40  can.o(.bss)
    hspi1                                    0x200005c4   Data          88  spi.o(.bss)
    htim1                                    0x2000061c   Data          72  tim.o(.bss)
    htim2                                    0x20000664   Data          72  tim.o(.bss)
    htim4                                    0x200006ac   Data          72  tim.o(.bss)
    huart1                                   0x200006f4   Data          72  usart.o(.bss)
    __initial_sp                             0x20000b40   Data           0  startup_stm32f103xb.o(STACK)



==============================================================================

Memory Map of the image

  Image Entry point : 0x08000105

  Load Region LR_1 (Base: 0x08000000, Size: 0x00004ef4, Max: 0xffffffff, ABSOLUTE, COMPRESSED[0x00004e64])

    Execution Region ER_RO (Exec base: 0x08000000, Load base: 0x08000000, Size: 0x000049d8, Max: 0xffffffff, ABSOLUTE)

    Exec Addr    Load Addr    Size         Type   Attr      Idx    E Section Name        Object

    0x08000000   0x08000000   0x000000ec   Data   RO          791    RESET               startup_stm32f103xb.o
    0x080000ec   0x080000ec   0x00000000   Code   RO         4056  * .ARM.Collect$$$$00000000  mc_w.l(entry.o)
    0x080000ec   0x080000ec   0x00000004   Code   RO         4127    .ARM.Collect$$$$00000001  mc_w.l(entry2.o)
    0x080000f0   0x080000f0   0x00000004   Code   RO         4130    .ARM.Collect$$$$00000004  mc_w.l(entry5.o)
    0x080000f4   0x080000f4   0x00000000   Code   RO         4132    .ARM.Collect$$$$00000008  mc_w.l(entry7b.o)
    0x080000f4   0x080000f4   0x00000000   Code   RO         4134    .ARM.Collect$$$$0000000A  mc_w.l(entry8b.o)
    0x080000f4   0x080000f4   0x00000008   Code   RO         4135    .ARM.Collect$$$$0000000B  mc_w.l(entry9a.o)
    0x080000fc   0x080000fc   0x00000004   Code   RO         4142    .ARM.Collect$$$$0000000E  mc_w.l(entry12b.o)
    0x08000100   0x08000100   0x00000000   Code   RO         4137    .ARM.Collect$$$$0000000F  mc_w.l(entry10a.o)
    0x08000100   0x08000100   0x00000000   Code   RO         4139    .ARM.Collect$$$$00000011  mc_w.l(entry11a.o)
    0x08000100   0x08000100   0x00000004   Code   RO         4128    .ARM.Collect$$$$00002712  mc_w.l(entry2.o)
    0x08000104   0x08000104   0x00000024   Code   RO          792  * .text               startup_stm32f103xb.o
    0x08000128   0x08000128   0x00000020   Code   RO         4059    .text               mc_w.l(llushr.o)
    0x08000148   0x08000148   0x00000024   Code   RO         4061    .text               mc_w.l(memseta.o)
    0x0800016c   0x0800016c   0x000000b0   Code   RO         4091    .text               mf_w.l(fadd.o)
    0x0800021c   0x0800021c   0x00000064   Code   RO         4093    .text               mf_w.l(fmul.o)
    0x08000280   0x08000280   0x0000007c   Code   RO         4095    .text               mf_w.l(fdiv.o)
    0x080002fc   0x080002fc   0x0000014e   Code   RO         4097    .text               mf_w.l(dadd.o)
    0x0800044a   0x0800044a   0x000000e4   Code   RO         4099    .text               mf_w.l(dmul.o)
    0x0800052e   0x0800052e   0x000000de   Code   RO         4101    .text               mf_w.l(ddiv.o)
    0x0800060c   0x0800060c   0x00000012   Code   RO         4103    .text               mf_w.l(fflti.o)
    0x0800061e   0x0800061e   0x0000000a   Code   RO         4105    .text               mf_w.l(ffltui.o)
    0x08000628   0x08000628   0x00000022   Code   RO         4107    .text               mf_w.l(dflti.o)
    0x0800064a   0x0800064a   0x0000001a   Code   RO         4109    .text               mf_w.l(dfltui.o)
    0x08000664   0x08000664   0x00000028   Code   RO         4111    .text               mf_w.l(ffixui.o)
    0x0800068c   0x0800068c   0x0000003e   Code   RO         4113    .text               mf_w.l(dfixi.o)
    0x080006ca   0x080006ca   0x00000032   Code   RO         4115    .text               mf_w.l(dfixui.o)
    0x080006fc   0x080006fc   0x00000026   Code   RO         4117    .text               mf_w.l(f2d.o)
    0x08000722   0x08000722   0x00000002   PAD
    0x08000724   0x08000724   0x00000030   Code   RO         4119    .text               mf_w.l(cdrcmple.o)
    0x08000754   0x08000754   0x00000038   Code   RO         4121    .text               mf_w.l(d2f.o)
    0x0800078c   0x0800078c   0x00000014   Code   RO         4123    .text               mf_w.l(cfcmple.o)
    0x080007a0   0x080007a0   0x00000014   Code   RO         4125    .text               mf_w.l(cfrcmple.o)
    0x080007b4   0x080007b4   0x0000001e   Code   RO         4143    .text               mc_w.l(llshl.o)
    0x080007d2   0x080007d2   0x00000024   Code   RO         4145    .text               mc_w.l(llsshr.o)
    0x080007f6   0x080007f6   0x00000000   Code   RO         4153    .text               mc_w.l(iusefp.o)
    0x080007f6   0x080007f6   0x0000006e   Code   RO         4154    .text               mf_w.l(fepilogue.o)
    0x08000864   0x08000864   0x000000ba   Code   RO         4156    .text               mf_w.l(depilogue.o)
    0x0800091e   0x0800091e   0x00000002   PAD
    0x08000920   0x08000920   0x00000024   Code   RO         4158    .text               mc_w.l(init.o)
    0x08000944   0x08000944   0x00000056   Code   RO         4168    .text               mc_w.l(__dczerorl2.o)
    0x0800099a   0x0800099a   0x0000005c   Code   RO          872    i.ADC_ConversionStop_Disable  stm32f1xx_hal_adc.o
    0x080009f6   0x080009f6   0x00000002   PAD
    0x080009f8   0x080009f8   0x00000088   Code   RO          876    i.ADC_Enable        stm32f1xx_hal_adc.o
    0x08000a80   0x08000a80   0x00000004   Code   RO          680    i.BusFault_Handler  stm32f1xx_it.o
    0x08000a84   0x08000a84   0x00000064   Code   RO            4    i.DS18B20_CheckA    ds18b20.o
    0x08000ae8   0x08000ae8   0x000000ac   Code   RO            5    i.DS18B20_Get_TempA  ds18b20.o
    0x08000b94   0x08000b94   0x0000006c   Code   RO            7    i.DS18B20_Read_BitA  ds18b20.o
    0x08000c00   0x08000c00   0x00000022   Code   RO            8    i.DS18B20_Read_ByteA  ds18b20.o
    0x08000c22   0x08000c22   0x00000002   PAD
    0x08000c24   0x08000c24   0x0000004c   Code   RO            9    i.DS18B20_RstA      ds18b20.o
    0x08000c70   0x08000c70   0x00000018   Code   RO           10    i.DS18B20_StartA    ds18b20.o
    0x08000c88   0x08000c88   0x00000074   Code   RO           11    i.DS18B20_Write_ByteA  ds18b20.o
    0x08000cfc   0x08000cfc   0x00000002   Code   RO          681    i.DebugMon_Handler  stm32f1xx_it.o
    0x08000cfe   0x08000cfe   0x00000002   Code   RO          190    i.Error_Handler     main.o
    0x08000d00   0x08000d00   0x00000034   Code   RO          367    i.Get_Adc           adc.o
    0x08000d34   0x08000d34   0x0000007c   Code   RO          368    i.Get_Adc_Average   adc.o
    0x08000db0   0x08000db0   0x0000010c   Code   RO         1052    i.HAL_ADCEx_Calibration_Start  stm32f1xx_hal_adc_ex.o
    0x08000ebc   0x08000ebc   0x00000128   Code   RO          878    i.HAL_ADC_ConfigChannel  stm32f1xx_hal_adc.o
    0x08000fe4   0x08000fe4   0x00000006   Code   RO          885    i.HAL_ADC_GetValue  stm32f1xx_hal_adc.o
    0x08000fea   0x08000fea   0x00000002   PAD
    0x08000fec   0x08000fec   0x00000120   Code   RO          887    i.HAL_ADC_Init      stm32f1xx_hal_adc.o
    0x0800110c   0x0800110c   0x000000a4   Code   RO          370    i.HAL_ADC_MspInit   adc.o
    0x080011b0   0x080011b0   0x00000178   Code   RO          891    i.HAL_ADC_PollForConversion  stm32f1xx_hal_adc.o
    0x08001328   0x08001328   0x000000e4   Code   RO          893    i.HAL_ADC_Start     stm32f1xx_hal_adc.o
    0x0800140c   0x0800140c   0x00000168   Code   RO         2160    i.HAL_CAN_Init      stm32f1xx_hal_can.o
    0x08001574   0x08001574   0x00000088   Code   RO          434    i.HAL_CAN_MspInit   can.o
    0x080015fc   0x080015fc   0x00000010   Code   RO         1153    i.HAL_DBGMCU_EnableDBGStopMode  stm32f1xx_hal.o
    0x0800160c   0x0800160c   0x00000048   Code   RO         1534    i.HAL_DMA_Abort     stm32f1xx_hal_dma.o
    0x08001654   0x08001654   0x000000a4   Code   RO         1535    i.HAL_DMA_Abort_IT  stm32f1xx_hal_dma.o
    0x080016f8   0x080016f8   0x000001fc   Code   RO         1470    i.HAL_GPIO_Init     stm32f1xx_hal_gpio.o
    0x080018f4   0x080018f4   0x0000000e   Code   RO         1474    i.HAL_GPIO_WritePin  stm32f1xx_hal_gpio.o
    0x08001902   0x08001902   0x00000002   PAD
    0x08001904   0x08001904   0x0000000c   Code   RO         1159    i.HAL_GetTick       stm32f1xx_hal.o
    0x08001910   0x08001910   0x00000010   Code   RO         1165    i.HAL_IncTick       stm32f1xx_hal.o
    0x08001920   0x08001920   0x00000024   Code   RO         1166    i.HAL_Init          stm32f1xx_hal.o
    0x08001944   0x08001944   0x00000044   Code   RO         1167    i.HAL_InitTick      stm32f1xx_hal.o
    0x08001988   0x08001988   0x00000054   Code   RO          768    i.HAL_MspInit       stm32f1xx_hal_msp.o
    0x080019dc   0x080019dc   0x0000001c   Code   RO         1630    i.HAL_NVIC_EnableIRQ  stm32f1xx_hal_cortex.o
    0x080019f8   0x080019f8   0x00000068   Code   RO         1636    i.HAL_NVIC_SetPriority  stm32f1xx_hal_cortex.o
    0x08001a60   0x08001a60   0x00000024   Code   RO         1637    i.HAL_NVIC_SetPriorityGrouping  stm32f1xx_hal_cortex.o
    0x08001a84   0x08001a84   0x000000c8   Code   RO         1431    i.HAL_RCCEx_GetPeriphCLKFreq  stm32f1xx_hal_rcc_ex.o
    0x08001b4c   0x08001b4c   0x00000130   Code   RO         1432    i.HAL_RCCEx_PeriphCLKConfig  stm32f1xx_hal_rcc_ex.o
    0x08001c7c   0x08001c7c   0x00000180   Code   RO         1323    i.HAL_RCC_ClockConfig  stm32f1xx_hal_rcc.o
    0x08001dfc   0x08001dfc   0x0000000c   Code   RO         1328    i.HAL_RCC_GetHCLKFreq  stm32f1xx_hal_rcc.o
    0x08001e08   0x08001e08   0x00000020   Code   RO         1330    i.HAL_RCC_GetPCLK1Freq  stm32f1xx_hal_rcc.o
    0x08001e28   0x08001e28   0x00000020   Code   RO         1331    i.HAL_RCC_GetPCLK2Freq  stm32f1xx_hal_rcc.o
    0x08001e48   0x08001e48   0x00000050   Code   RO         1332    i.HAL_RCC_GetSysClockFreq  stm32f1xx_hal_rcc.o
    0x08001e98   0x08001e98   0x0000042c   Code   RO         1335    i.HAL_RCC_OscConfig  stm32f1xx_hal_rcc.o
    0x080022c4   0x080022c4   0x000000b4   Code   RO         2391    i.HAL_SPI_Init      stm32f1xx_hal_spi.o
    0x08002378   0x08002378   0x00000088   Code   RO          476    i.HAL_SPI_MspInit   spi.o
    0x08002400   0x08002400   0x00000028   Code   RO         1641    i.HAL_SYSTICK_Config  stm32f1xx_hal_cortex.o
    0x08002428   0x08002428   0x00000002   Code   RO         3419    i.HAL_TIMEx_BreakCallback  stm32f1xx_hal_tim_ex.o
    0x0800242a   0x0800242a   0x00000002   Code   RO         3420    i.HAL_TIMEx_CommutCallback  stm32f1xx_hal_tim_ex.o
    0x0800242c   0x0800242c   0x00000066   Code   RO         3422    i.HAL_TIMEx_ConfigBreakDeadTime  stm32f1xx_hal_tim_ex.o
    0x08002492   0x08002492   0x00000072   Code   RO         3438    i.HAL_TIMEx_MasterConfigSynchronization  stm32f1xx_hal_tim_ex.o
    0x08002504   0x08002504   0x000000aa   Code   RO         3449    i.HAL_TIMEx_PWMN_Start  stm32f1xx_hal_tim_ex.o
    0x080025ae   0x080025ae   0x0000005c   Code   RO         2704    i.HAL_TIM_Base_Init  stm32f1xx_hal_tim.o
    0x0800260a   0x0800260a   0x00000002   PAD
    0x0800260c   0x0800260c   0x00000068   Code   RO          542    i.HAL_TIM_Base_MspInit  tim.o
    0x08002674   0x08002674   0x00000058   Code   RO         2707    i.HAL_TIM_Base_Start  stm32f1xx_hal_tim.o
    0x080026cc   0x080026cc   0x00000062   Code   RO         2709    i.HAL_TIM_Base_Start_IT  stm32f1xx_hal_tim.o
    0x0800272e   0x0800272e   0x00000026   Code   RO         2710    i.HAL_TIM_Base_Stop  stm32f1xx_hal_tim.o
    0x08002754   0x08002754   0x000000ea   Code   RO         2713    i.HAL_TIM_ConfigClockSource  stm32f1xx_hal_tim.o
    0x0800283e   0x0800283e   0x00000002   Code   RO         2738    i.HAL_TIM_IC_CaptureCallback  stm32f1xx_hal_tim.o
    0x08002840   0x08002840   0x0000015c   Code   RO         2752    i.HAL_TIM_IRQHandler  stm32f1xx_hal_tim.o
    0x0800299c   0x0800299c   0x00000068   Code   RO          543    i.HAL_TIM_MspPostInit  tim.o
    0x08002a04   0x08002a04   0x00000002   Code   RO         2755    i.HAL_TIM_OC_DelayElapsedCallback  stm32f1xx_hal_tim.o
    0x08002a06   0x08002a06   0x000000d8   Code   RO         2776    i.HAL_TIM_PWM_ConfigChannel  stm32f1xx_hal_tim.o
    0x08002ade   0x08002ade   0x0000005c   Code   RO         2779    i.HAL_TIM_PWM_Init  stm32f1xx_hal_tim.o
    0x08002b3a   0x08002b3a   0x00000002   PAD
    0x08002b3c   0x08002b3c   0x00000030   Code   RO          545    i.HAL_TIM_PWM_MspInit  tim.o
    0x08002b6c   0x08002b6c   0x00000002   Code   RO         2782    i.HAL_TIM_PWM_PulseFinishedCallback  stm32f1xx_hal_tim.o
    0x08002b6e   0x08002b6e   0x00000002   PAD
    0x08002b70   0x08002b70   0x0000009c   Code   RO          191    i.HAL_TIM_PeriodElapsedCallback  main.o
    0x08002c0c   0x08002c0c   0x00000002   Code   RO         2795    i.HAL_TIM_TriggerCallback  stm32f1xx_hal_tim.o
    0x08002c0e   0x08002c0e   0x00000002   Code   RO         3698    i.HAL_UARTEx_RxEventCallback  stm32f1xx_hal_uart.o
    0x08002c10   0x08002c10   0x00000002   Code   RO         3712    i.HAL_UART_ErrorCallback  stm32f1xx_hal_uart.o
    0x08002c12   0x08002c12   0x00000002   PAD
    0x08002c14   0x08002c14   0x00000268   Code   RO         3715    i.HAL_UART_IRQHandler  stm32f1xx_hal_uart.o
    0x08002e7c   0x08002e7c   0x00000066   Code   RO         3716    i.HAL_UART_Init     stm32f1xx_hal_uart.o
    0x08002ee2   0x08002ee2   0x00000002   PAD
    0x08002ee4   0x08002ee4   0x000000ac   Code   RO          626    i.HAL_UART_MspInit  usart.o
    0x08002f90   0x08002f90   0x0000001c   Code   RO         3721    i.HAL_UART_Receive_IT  stm32f1xx_hal_uart.o
    0x08002fac   0x08002fac   0x00000068   Code   RO          627    i.HAL_UART_RxCpltCallback  usart.o
    0x08003014   0x08003014   0x000000b8   Code   RO         3724    i.HAL_UART_Transmit  stm32f1xx_hal_uart.o
    0x080030cc   0x080030cc   0x00000002   Code   RO         3727    i.HAL_UART_TxCpltCallback  stm32f1xx_hal_uart.o
    0x080030ce   0x080030ce   0x00000004   Code   RO          682    i.HardFault_Handler  stm32f1xx_it.o
    0x080030d2   0x080030d2   0x00000002   PAD
    0x080030d4   0x080030d4   0x00000048   Code   RO          192    i.Initialize_function  main.o
    0x0800311c   0x0800311c   0x00000128   Code   RO          371    i.MX_ADC1_Init      adc.o
    0x08003244   0x08003244   0x00000048   Code   RO          435    i.MX_CAN_Init       can.o
    0x0800328c   0x0800328c   0x00000108   Code   RO          343    i.MX_GPIO_Init      gpio.o
    0x08003394   0x08003394   0x00000044   Code   RO          478    i.MX_SPI1_Init      spi.o
    0x080033d8   0x080033d8   0x000000b0   Code   RO          546    i.MX_TIM1_Init      tim.o
    0x08003488   0x08003488   0x0000006c   Code   RO          547    i.MX_TIM2_Init      tim.o
    0x080034f4   0x080034f4   0x0000006c   Code   RO          548    i.MX_TIM4_Init      tim.o
    0x08003560   0x08003560   0x00000038   Code   RO          628    i.MX_USART1_UART_Init  usart.o
    0x08003598   0x08003598   0x00000004   Code   RO          683    i.MemManage_Handler  stm32f1xx_it.o
    0x0800359c   0x0800359c   0x00000002   Code   RO          684    i.NMI_Handler       stm32f1xx_it.o
    0x0800359e   0x0800359e   0x00000002   Code   RO          685    i.PendSV_Handler    stm32f1xx_it.o
    0x080035a0   0x080035a0   0x00000024   Code   RO         1336    i.RCC_Delay         stm32f1xx_hal_rcc.o
    0x080035c4   0x080035c4   0x00000002   Code   RO          686    i.SVC_Handler       stm32f1xx_it.o
    0x080035c6   0x080035c6   0x00000008   Code   RO          687    i.SysTick_Handler   stm32f1xx_it.o
    0x080035ce   0x080035ce   0x00000084   Code   RO          193    i.SystemClock_Config  main.o
    0x08003652   0x08003652   0x00000002   PAD
    0x08003654   0x08003654   0x00000058   Code   RO          800    i.SystemInit        system_stm32f1xx.o
    0x080036ac   0x080036ac   0x00000010   Code   RO          688    i.TIM2_IRQHandler   stm32f1xx_it.o
    0x080036bc   0x080036bc   0x00000088   Code   RO         2797    i.TIM_Base_SetConfig  stm32f1xx_hal_tim.o
    0x08003744   0x08003744   0x0000001e   Code   RO         3458    i.TIM_CCxNChannelCmd  stm32f1xx_hal_tim_ex.o
    0x08003762   0x08003762   0x00000016   Code   RO         2808    i.TIM_ETR_SetConfig  stm32f1xx_hal_tim.o
    0x08003778   0x08003778   0x00000010   Code   RO         2809    i.TIM_ITRx_SetConfig  stm32f1xx_hal_tim.o
    0x08003788   0x08003788   0x00000068   Code   RO         2810    i.TIM_OC1_SetConfig  stm32f1xx_hal_tim.o
    0x080037f0   0x080037f0   0x00000068   Code   RO         2811    i.TIM_OC2_SetConfig  stm32f1xx_hal_tim.o
    0x08003858   0x08003858   0x00000068   Code   RO         2812    i.TIM_OC3_SetConfig  stm32f1xx_hal_tim.o
    0x080038c0   0x080038c0   0x0000004e   Code   RO         2813    i.TIM_OC4_SetConfig  stm32f1xx_hal_tim.o
    0x0800390e   0x0800390e   0x00000002   PAD
    0x08003910   0x08003910   0x00000018   Code   RO          549    i.TIM_SetCompare3   tim.o
    0x08003928   0x08003928   0x00000026   Code   RO         2815    i.TIM_TI1_ConfigInputStage  stm32f1xx_hal_tim.o
    0x0800394e   0x0800394e   0x00000028   Code   RO         2817    i.TIM_TI2_ConfigInputStage  stm32f1xx_hal_tim.o
    0x08003976   0x08003976   0x00000002   PAD
    0x08003978   0x08003978   0x0000003c   Code   RO          194    i.TaskProcess       main.o
    0x080039b4   0x080039b4   0x00000064   Code   RO          195    i.TaskRemarks       main.o
    0x08003a18   0x08003a18   0x00000148   Code   RO          196    i.Task_Exhaust_valves_control  main.o
    0x08003b60   0x08003b60   0x00000058   Code   RO          197    i.Task_Exhaust_valves_count  main.o
    0x08003bb8   0x08003bb8   0x00000018   Code   RO          198    i.Task_Fan_PWM      main.o
    0x08003bd0   0x08003bd0   0x000005c4   Code   RO          372    i.Task_Get_ADC_data  adc.o
    0x08004194   0x08004194   0x00000064   Code   RO          199    i.Task_NTC_temp     main.o
    0x080041f8   0x080041f8   0x00000044   Code   RO          200    i.Task_USART1_Respond  main.o
    0x0800423c   0x0800423c   0x00000018   Code   RO          201    i.Task_environment_temperature  main.o
    0x08004254   0x08004254   0x00000010   Code   RO         3729    i.UART_DMAAbortOnError  stm32f1xx_hal_uart.o
    0x08004264   0x08004264   0x0000004e   Code   RO         3739    i.UART_EndRxTransfer  stm32f1xx_hal_uart.o
    0x080042b2   0x080042b2   0x0000001a   Code   RO         3740    i.UART_EndTransmit_IT  stm32f1xx_hal_uart.o
    0x080042cc   0x080042cc   0x000000ca   Code   RO         3742    i.UART_Receive_IT   stm32f1xx_hal_uart.o
    0x08004396   0x08004396   0x00000002   PAD
    0x08004398   0x08004398   0x000000c8   Code   RO         3743    i.UART_SetConfig    stm32f1xx_hal_uart.o
    0x08004460   0x08004460   0x00000038   Code   RO         3745    i.UART_Start_Receive_IT  stm32f1xx_hal_uart.o
    0x08004498   0x08004498   0x0000005e   Code   RO         3746    i.UART_Transmit_IT  stm32f1xx_hal_uart.o
    0x080044f6   0x080044f6   0x0000008e   Code   RO         3747    i.UART_WaitOnFlagUntilTimeout  stm32f1xx_hal_uart.o
    0x08004584   0x08004584   0x00000010   Code   RO          689    i.USART1_IRQHandler  stm32f1xx_it.o
    0x08004594   0x08004594   0x000000c0   Code   RO          202    i.USART1_Parameters_Send  main.o
    0x08004654   0x08004654   0x00000004   Code   RO          690    i.UsageFault_Handler  stm32f1xx_it.o
    0x08004658   0x08004658   0x0000000e   Code   RO         4162    i.__scatterload_copy  mc_w.l(handlers.o)
    0x08004666   0x08004666   0x00000002   Code   RO         4163    i.__scatterload_null  mc_w.l(handlers.o)
    0x08004668   0x08004668   0x0000000e   Code   RO         4164    i.__scatterload_zeroinit  mc_w.l(handlers.o)
    0x08004676   0x08004676   0x0000003c   Code   RO          203    i.crc16_calc        main.o
    0x080046b2   0x080046b2   0x00000002   PAD
    0x080046b4   0x080046b4   0x00000048   Code   RO          550    i.delay_us          tim.o
    0x080046fc   0x080046fc   0x00000184   Code   RO          204    i.get_rec_data      main.o
    0x08004880   0x08004880   0x00000060   Code   RO          205    i.main              main.o
    0x080048e0   0x080048e0   0x0000009c   Code   RO          206    i.recurbinary       main.o
    0x0800497c   0x0800497c   0x00000018   Data   RO          801    .constdata          system_stm32f1xx.o
    0x08004994   0x08004994   0x00000012   Data   RO         1337    .constdata          stm32f1xx_hal_rcc.o
    0x080049a6   0x080049a6   0x00000012   Data   RO         1433    .constdata          stm32f1xx_hal_rcc_ex.o
    0x080049b8   0x080049b8   0x00000020   Data   RO         4160    Region$$Table       anon$$obj.o


    Execution Region ER_RW (Exec base: 0x20000000, Load base: 0x080049d8, Size: 0x0000051c, Max: 0xffffffff, ABSOLUTE, COMPRESSED[0x0000048c])

    Exec Addr    Load Addr    Size         Type   Attr      Idx    E Section Name        Object

    0x20000000   COMPRESSED   0x000004fc   Data   RW          209    .data               main.o
    0x200004fc   COMPRESSED   0x00000004   PAD
    0x20000500   COMPRESSED   0x00000009   Data   RW          374    .data               adc.o
    0x20000509   COMPRESSED   0x00000003   PAD
    0x2000050c   COMPRESSED   0x00000004   Data   RW          802    .data               system_stm32f1xx.o
    0x20000510   COMPRESSED   0x0000000c   Data   RW         1173    .data               stm32f1xx_hal.o


    Execution Region ER_ZI (Exec base: 0x2000051c, Load base: 0x08004e64, Size: 0x00000624, Max: 0xffffffff, ABSOLUTE)

    Exec Addr    Load Addr    Size         Type   Attr      Idx    E Section Name        Object

    0x2000051c        -       0x00000028   Zero   RW          208    .bss                main.o
    0x20000544        -       0x00000058   Zero   RW          373    .bss                adc.o
    0x2000059c        -       0x00000028   Zero   RW          436    .bss                can.o
    0x200005c4        -       0x00000058   Zero   RW          481    .bss                spi.o
    0x2000061c        -       0x000000d8   Zero   RW          551    .bss                tim.o
    0x200006f4        -       0x00000048   Zero   RW          630    .bss                usart.o
    0x2000073c   0x08004e64   0x00000004   PAD
    0x20000740        -       0x00000400   Zero   RW          789    STACK               startup_stm32f103xb.o


==============================================================================

Image component sizes


      Code (inc. data)   RO Data    RW Data    ZI Data      Debug   Object Name

      2112        232          0          9         88       3852   adc.o
       208         24          0          0         40       1511   can.o
       630         58          0          0          0     471300   ds18b20.o
       264         16          0          0          0        923   gpio.o
      2046        268          0       1276         40      11862   main.o
       204         24          0          0         88       1789   spi.o
        36          8        236          0       1024        752   startup_stm32f103xb.o
       148         28          0         12          0       5648   stm32f1xx_hal.o
      1422         46          0          0          0       6448   stm32f1xx_hal_adc.o
       268          4          0          0          0       1466   stm32f1xx_hal_adc_ex.o
       360          0          0          0          0       1435   stm32f1xx_hal_can.o
       208         16          0          0          0      28603   stm32f1xx_hal_cortex.o
       236         28          0          0          0       1659   stm32f1xx_hal_dma.o
       522         12          0          0          0       2816   stm32f1xx_hal_gpio.o
        84          8          0          0          0        826   stm32f1xx_hal_msp.o
      1644         88         18          0          0       6636   stm32f1xx_hal_rcc.o
       504         38         18          0          0       2565   stm32f1xx_hal_rcc_ex.o
       180          0          0          0          0       1127   stm32f1xx_hal_spi.o
      1856         28          0          0          0      14851   stm32f1xx_hal_tim.o
       420          0          0          0          0       4684   stm32f1xx_hal_tim_ex.o
      1750         12          0          0          0      11868   stm32f1xx_hal_uart.o
        64         12          0          0          0       4504   stm32f1xx_it.o
        88         18         24          4          0       1099   system_stm32f1xx.o
       744         70          0          0        216       4933   tim.o
       332         52          0          0         72       2364   usart.o

    ----------------------------------------------------------------------
     16360       1090        328       1308       1572     595521   Object Totals
         0          0         32          0          0          0   (incl. Generated)
        30          0          0          7          4          0   (incl. Padding)

    ----------------------------------------------------------------------

      Code (inc. data)   RO Data    RW Data    ZI Data      Debug   Library Member Name

        86          0          0          0          0          0   __dczerorl2.o
         0          0          0          0          0          0   entry.o
         0          0          0          0          0          0   entry10a.o
         0          0          0          0          0          0   entry11a.o
         4          0          0          0          0          0   entry12b.o
         8          4          0          0          0          0   entry2.o
         4          0          0          0          0          0   entry5.o
         0          0          0          0          0          0   entry7b.o
         0          0          0          0          0          0   entry8b.o
         8          4          0          0          0          0   entry9a.o
        30          0          0          0          0          0   handlers.o
        36          8          0          0          0         68   init.o
         0          0          0          0          0          0   iusefp.o
        30          0          0          0          0         68   llshl.o
        36          0          0          0          0         68   llsshr.o
        32          0          0          0          0         68   llushr.o
        36          0          0          0          0        108   memseta.o
        48          0          0          0          0         68   cdrcmple.o
        20          0          0          0          0         68   cfcmple.o
        20          0          0          0          0         68   cfrcmple.o
        56          0          0          0          0         88   d2f.o
       334          0          0          0          0        148   dadd.o
       222          0          0          0          0        100   ddiv.o
       186          0          0          0          0        176   depilogue.o
        62          0          0          0          0         80   dfixi.o
        50          0          0          0          0         76   dfixui.o
        34          0          0          0          0         76   dflti.o
        26          0          0          0          0         76   dfltui.o
       228          0          0          0          0         96   dmul.o
        38          0          0          0          0         68   f2d.o
       176          0          0          0          0        140   fadd.o
       124          0          0          0          0         88   fdiv.o
       110          0          0          0          0        168   fepilogue.o
        40          0          0          0          0         68   ffixui.o
        18          0          0          0          0         68   fflti.o
        10          0          0          0          0         68   ffltui.o
       100          0          0          0          0         76   fmul.o

    ----------------------------------------------------------------------
      2216         16          0          0          0       2244   Library Totals
         4          0          0          0          0          0   (incl. Padding)

    ----------------------------------------------------------------------

      Code (inc. data)   RO Data    RW Data    ZI Data      Debug   Library Name

       310         16          0          0          0        380   mc_w.l
      1902          0          0          0          0       1864   mf_w.l

    ----------------------------------------------------------------------
      2216         16          0          0          0       2244   Library Totals

    ----------------------------------------------------------------------

==============================================================================


      Code (inc. data)   RO Data    RW Data    ZI Data      Debug   

     18576       1106        328       1308       1572     590249   Grand Totals
     18576       1106        328       1164       1572     590249   ELF Image Totals (compressed)
     18576       1106        328       1164          0          0   ROM Totals

==============================================================================

    Total RO  Size (Code + RO Data)                18904 (  18.46kB)
    Total RW  Size (RW Data + ZI Data)              2880 (   2.81kB)
    Total ROM Size (Code + RO Data + RW Data)      20068 (  19.60kB)

==============================================================================

